Component: ARM Compiler 6.16 Tool: armlink [5dfeaa00]

==============================================================================

Section Cross References

    main.o(.ARM.exidx.text.toString) refers to main.o(.text.toString) for [Anonymous Symbol]
    main.o(.ARM.exidx.text.printchar) refers to main.o(.text.printchar) for [Anonymous Symbol]
    main.o(.text.print) refers to main.o(.text.printchar) for printchar
    main.o(.ARM.exidx.text.print) refers to main.o(.text.print) for [Anonymous Symbol]
    main.o(.text.Init) refers to adc.o(.text.adc_init2) for adc_init2
    main.o(.ARM.exidx.text.Init) refers to main.o(.text.Init) for [Anonymous Symbol]
    main.o(.text.ADC_Read_Task) refers to main.o(.bss.xSemaphore) for xSemaphore
    main.o(.text.ADC_Read_Task) refers to queue.o(.text.xQueueSemaphoreTake) for xQueueSemaphoreTake
    main.o(.text.ADC_Read_Task) refers to dflt_clz.o(x$fpl$dfltu) for __aeabi_ui2d
    main.o(.text.ADC_Read_Task) refers to dmul.o(x$fpl$dmul) for __aeabi_dmul
    main.o(.text.ADC_Read_Task) refers to ddiv.o(x$fpl$ddiv) for __aeabi_ddiv
    main.o(.text.ADC_Read_Task) refers to daddsub_clz.o(x$fpl$dadd) for __aeabi_dadd
    main.o(.text.ADC_Read_Task) refers to dfix.o(x$fpl$dfix) for __aeabi_d2iz
    main.o(.text.ADC_Read_Task) refers to main.o(.bss.xUARTQueue) for xUARTQueue
    main.o(.text.ADC_Read_Task) refers to queue.o(.text.xQueueGenericSend) for xQueueGenericSend
    main.o(.text.ADC_Read_Task) refers to main.o(.bss.xLCDQueue) for xLCDQueue
    main.o(.ARM.exidx.text.ADC_Read_Task) refers to main.o(.text.ADC_Read_Task) for [Anonymous Symbol]
    main.o(.text.UART_TASK) refers to main.o(.bss.xUARTQueue) for xUARTQueue
    main.o(.text.UART_TASK) refers to queue.o(.text.xQueueReceive) for xQueueReceive
    main.o(.text.UART_TASK) refers to main.o(.bss.Txt1) for Txt1
    main.o(.text.UART_TASK) refers to main.o(.text.toString) for toString
    main.o(.text.UART_TASK) refers to main.o(.rodata.str1.1) for .L.str
    main.o(.text.UART_TASK) refers to main.o(.text.print) for print
    main.o(.ARM.exidx.text.UART_TASK) refers to main.o(.text.UART_TASK) for [Anonymous Symbol]
    main.o(.ARM.exidx.text.vApplicationIdleHook) refers to main.o(.text.vApplicationIdleHook) for [Anonymous Symbol]
    main.o(.text.ADC0SS3_Handler) refers to main.o(.bss.xSemaphore) for xSemaphore
    main.o(.text.ADC0SS3_Handler) refers to queue.o(.text.xQueueGiveFromISR) for xQueueGiveFromISR
    main.o(.ARM.exidx.text.ADC0SS3_Handler) refers to main.o(.text.ADC0SS3_Handler) for [Anonymous Symbol]
    main.o(.text.LCD_TASK) refers to main.o(.bss.xLCDQueue) for xLCDQueue
    main.o(.text.LCD_TASK) refers to queue.o(.text.xQueueReceive) for xQueueReceive
    main.o(.text.LCD_TASK) refers to main.o(.bss.Txt2) for Txt2
    main.o(.text.LCD_TASK) refers to main.o(.text.toString) for toString
    main.o(.text.LCD_TASK) refers to lcd.o(.text.LCD_line) for LCD_line
    main.o(.text.LCD_TASK) refers to main.o(.rodata.str1.1) for .L.str.2
    main.o(.text.LCD_TASK) refers to lcd.o(.text.LCD_display) for LCD_display
    main.o(.ARM.exidx.text.LCD_TASK) refers to main.o(.text.LCD_TASK) for [Anonymous Symbol]
    main.o(.text.main) refers to main.o(.text.Init) for Init
    main.o(.text.main) refers to lcd.o(.text.LCD_start) for LCD_start
    main.o(.text.main) refers to lcd.o(.text.LCD_clear) for LCD_clear
    main.o(.text.main) refers to queue.o(.text.xQueueGenericCreate) for xQueueGenericCreate
    main.o(.text.main) refers to main.o(.bss.xUARTQueue) for xUARTQueue
    main.o(.text.main) refers to main.o(.bss.xLCDQueue) for xLCDQueue
    main.o(.text.main) refers to main.o(.bss.xSemaphore) for xSemaphore
    main.o(.text.main) refers to queue.o(.text.xQueueGenericSend) for xQueueGenericSend
    main.o(.text.main) refers to main.o(.text.ADC_Read_Task) for ADC_Read_Task
    main.o(.text.main) refers to main.o(.rodata.str1.1) for .L.str.3
    main.o(.text.main) refers to tasks.o(.text.xTaskCreate) for xTaskCreate
    main.o(.text.main) refers to main.o(.text.UART_TASK) for UART_TASK
    main.o(.text.main) refers to main.o(.text.LCD_TASK) for LCD_TASK
    main.o(.text.main) refers to tasks.o(.text.vTaskStartScheduler) for vTaskStartScheduler
    main.o(.ARM.exidx.text.main) refers to main.o(.text.main) for [Anonymous Symbol]
    adc.o(.ARM.exidx.text.adc_init) refers to adc.o(.text.adc_init) for [Anonymous Symbol]
    adc.o(.ARM.exidx.text.adc_init2) refers to adc.o(.text.adc_init2) for [Anonymous Symbol]
    lcd.o(.ARM.exidx.text.delayUs) refers to lcd.o(.text.delayUs) for [Anonymous Symbol]
    lcd.o(.ARM.exidx.text.delayMs) refers to lcd.o(.text.delayMs) for [Anonymous Symbol]
    lcd.o(.text.LCD_command) refers to lcd.o(.text.delayUs) for delayUs
    lcd.o(.text.LCD_command) refers to lcd.o(.text.delayMs) for delayMs
    lcd.o(.ARM.exidx.text.LCD_command) refers to lcd.o(.text.LCD_command) for [Anonymous Symbol]
    lcd.o(.text.LCD_start) refers to lcd.o(.text.delayMs) for delayMs
[...]
    ../clib/angel/sys.s                      0x00000000   Number         0  indicate_semi.o ABSOLUTE
    ../clib/angel/sysapp.c                   0x00000000   Number         0  sys_exit.o ABSOLUTE
    ../clib/angel/sysapp.c                   0x00000000   Number         0  sys_exit_hlt.o ABSOLUTE
    ../clib/angel/sysapp.c                   0x00000000   Number         0  sys_command.o ABSOLUTE
    ../clib/angel/sysapp.c                   0x00000000   Number         0  sys_command_hlt.o ABSOLUTE
    ../clib/angel/sysapp.c                   0x00000000   Number         0  sys_wrch.o ABSOLUTE
    ../clib/angel/sysapp.c                   0x00000000   Number         0  sys_wrch_hlt.o ABSOLUTE
    ../clib/armsys.c                         0x00000000   Number         0  argv_veneer.o ABSOLUTE
    ../clib/armsys.c                         0x00000000   Number         0  argv_veneer.o ABSOLUTE
    ../clib/armsys.c                         0x00000000   Number         0  _get_argv_nomalloc.o ABSOLUTE
    ../clib/armsys.c                         0x00000000   Number         0  no_argv.o ABSOLUTE
    ../clib/heapalloc.c                      0x00000000   Number         0  hrguard.o ABSOLUTE
    ../clib/heapaux.c                        0x00000000   Number         0  heapauxi.o ABSOLUTE
    ../clib/libinit.s                        0x00000000   Number         0  libinit.o ABSOLUTE
    ../clib/libinit.s                        0x00000000   Number         0  libinit2.o ABSOLUTE
    ../clib/libinit.s                        0x00000000   Number         0  libshutdown.o ABSOLUTE
    ../clib/libinit.s                        0x00000000   Number         0  libshutdown2.o ABSOLUTE
    ../clib/memcpset.s                       0x00000000   Number         0  rt_memcpy_v6.o ABSOLUTE
    ../clib/memcpset.s                       0x00000000   Number         0  aeabi_memset4.o ABSOLUTE
    ../clib/memcpset.s                       0x00000000   Number         0  rt_memcpy_w.o ABSOLUTE
    ../clib/memcpset.s                       0x00000000   Number         0  rt_memclr_w.o ABSOLUTE
    ../clib/signal.c                         0x00000000   Number         0  defsig_rtmem_outer.o ABSOLUTE
    ../clib/signal.c                         0x00000000   Number         0  defsig_rtmem_formal.o ABSOLUTE
    ../clib/signal.c                         0x00000000   Number         0  defsig_exit.o ABSOLUTE
    ../clib/signal.c                         0x00000000   Number         0  defsig_rtmem_inner.o ABSOLUTE
    ../clib/signal.c                         0x00000000   Number         0  __raise.o ABSOLUTE
    ../clib/signal.c                         0x00000000   Number         0  defsig_general.o ABSOLUTE
    ../clib/signal.c                         0x00000000   Number         0  defsig_abrt_inner.o ABSOLUTE
    ../clib/signal.c                         0x00000000   Number         0  defsig_fpe_inner.o ABSOLUTE
    ../clib/signal.c                         0x00000000   Number         0  defsig_rtred_inner.o ABSOLUTE
    ../clib/signal.c                         0x00000000   Number         0  defsig_stak_inner.o ABSOLUTE
    ../clib/signal.c                         0x00000000   Number         0  defsig_pvfn_inner.o ABSOLUTE
    ../clib/signal.c                         0x00000000   Number         0  defsig_cppl_inner.o ABSOLUTE
    ../clib/signal.c                         0x00000000   Number         0  defsig_segv_inner.o ABSOLUTE
    ../clib/signal.c                         0x00000000   Number         0  defsig_other.o ABSOLUTE
    ../clib/signal.s                         0x00000000   Number         0  defsig.o ABSOLUTE
    ../clib/stdlib.c                         0x00000000   Number         0  exit.o ABSOLUTE
    ../clib/string.c                         0x00000000   Number         0  strlen.o ABSOLUTE
    ../fplib/daddsub.s                       0x00000000   Number         0  daddsub_clz.o ABSOLUTE
    ../fplib/ddiv.s                          0x00000000   Number         0  ddiv.o ABSOLUTE
    ../fplib/dfix.s                          0x00000000   Number         0  dfix.o ABSOLUTE
    ../fplib/dflt.s                          0x00000000   Number         0  dflt_clz.o ABSOLUTE
    ../fplib/dmul.s                          0x00000000   Number         0  dmul.o ABSOLUTE
    ../fplib/dnaninf.s                       0x00000000   Number         0  dnaninf.o ABSOLUTE
    ../fplib/dretinf.s                       0x00000000   Number         0  dretinf.o ABSOLUTE
    ../fplib/fpinit.s                        0x00000000   Number         0  fpinit.o ABSOLUTE
    ../fplib/usenofp.s                       0x00000000   Number         0  usenofp.o ABSOLUTE
    ADC.c                                    0x00000000   Number         0  adc.o ABSOLUTE
    LCD.c                                    0x00000000   Number         0  lcd.o ABSOLUTE
    RTE/Device/TM4C123GH6PM/startup_TM4C123.s 0x00000000   Number         0  startup_tm4c123.o ABSOLUTE
    dc.s                                     0x00000000   Number         0  dc.o ABSOLUTE
    freertos_evr.c                           0x00000000   Number         0  freertos_evr.o ABSOLUTE
    heap_1.c                                 0x00000000   Number         0  heap_1.o ABSOLUTE
    list.c                                   0x00000000   Number         0  list.o ABSOLUTE
    main.c                                   0x00000000   Number         0  main.o ABSOLUTE
    port.c                                   0x00000000   Number         0  port.o ABSOLUTE
    queue.c                                  0x00000000   Number         0  queue.o ABSOLUTE
    system_TM4C123.c                         0x00000000   Number         0  system_tm4c123.o ABSOLUTE
    tasks.c                                  0x00000000   Number         0  tasks.o ABSOLUTE
    RESET                                    0x00000000   Section      620  startup_tm4c123.o(RESET)
    !!!main                                  0x0000026c   Section        8  __main.o(!!!main)
    !!!scatter                               0x00000274   Section       52  __scatter.o(!!!scatter)
    !!handler_copy                           0x000002a8   Section       26  __scatter_copy.o(!!handler_copy)
    !!handler_zi                             0x000002c4   Section       28  __scatter_zi.o(!!handler_zi)
    .ARM.Collect$$libinit$$00000000          0x000002e0   Section        2  libinit.o(.ARM.Collect$$libinit$$00000000)
    .ARM.Collect$$libinit$$00000001          0x000002e2   Section        4  libinit2.o(.ARM.Collect$$libinit$$00000001)
    .ARM.Collect$$libinit$$00000004          0x000002e6   Section        0  libinit2.o(.ARM.Collect$$libinit$$00000004)
    .ARM.Collect$$libinit$$0000000A          0x000002e6   Section        0  libinit2.o(.ARM.Collect$$libinit$$0000000A)
    .ARM.Collect$$libinit$$0000000C          0x000002e6   Section        0  libinit2.o(.ARM.Collect$$libinit$$0000000C)
    .ARM.Collect$$libinit$$0000000E          0x000002e6   Section        0  libinit2.o(.ARM.Collect$$libinit$$0000000E)
    .ARM.Collect$$libinit$$00000011          0x000002e6   Section        0  libinit2.o(.ARM.Collect$$libinit$$00000011)
    .ARM.Collect$$libinit$$00000013          0x000002e6   Section        0  libinit2.o(.ARM.Collect$$libinit$$00000013)
    .ARM.Collect$$libinit$$00000015          0x000002e6   Section        0  libinit2.o(.ARM.Collect$$libinit$$00000015)
    .ARM.Collect$$libinit$$00000017          0x000002e6   Section        0  libinit2.o(.ARM.Collect$$libinit$$00000017)
    .ARM.Collect$$libinit$$00000019          0x000002e6   Section        0  libinit2.o(.ARM.Collect$$libinit$$00000019)
    .ARM.Collect$$libinit$$0000001B          0x000002e6   Section        0  libinit2.o(.ARM.Collect$$libinit$$0000001B)
    .ARM.Collect$$libinit$$0000001D          0x000002e6   Section        0  libinit2.o(.ARM.Collect$$libinit$$0000001D)
    .ARM.Collect$$libinit$$0000001F          0x000002e6   Section        0  libinit2.o(.ARM.Collect$$libinit$$0000001F)
    .ARM.Collect$$libinit$$00000021          0x000002e6   Section        0  libinit2.o(.ARM.Collect$$libinit$$00000021)
    .ARM.Collect$$libinit$$00000023          0x000002e6   Section        0  libinit2.o(.ARM.Collect$$libinit$$00000023)
    .ARM.Collect$$libinit$$00000025          0x000002e6   Section        0  libinit2.o(.ARM.Collect$$libinit$$00000025)
    .ARM.Collect$$libinit$$0000002C          0x000002e6   Section        0  libinit2.o(.ARM.Collect$$libinit$$0000002C)
    .ARM.Collect$$libinit$$0000002E          0x000002e6   Section        0  libinit2.o(.ARM.Collect$$libinit$$0000002E)
    .ARM.Collect$$libinit$$00000030          0x000002e6   Section        0  libinit2.o(.ARM.Collect$$libinit$$00000030)
    .ARM.Collect$$libinit$$00000032          0x000002e6   Section        0  libinit2.o(.ARM.Collect$$libinit$$00000032)
    .ARM.Collect$$libinit$$00000033          0x000002e6   Section        2  libinit2.o(.ARM.Collect$$libinit$$00000033)
    .ARM.Collect$$libshutdown$$00000000      0x000002e8   Section        2  libshutdown.o(.ARM.Collect$$libshutdown$$00000000)
    .ARM.Collect$$libshutdown$$00000002      0x000002ea   Section        0  libshutdown2.o(.ARM.Collect$$libshutdown$$00000002)
    .ARM.Collect$$libshutdown$$00000004      0x000002ea   Section        0  libshutdown2.o(.ARM.Collect$$libshutdown$$00000004)
    .ARM.Collect$$libshutdown$$00000007      0x000002ea   Section        0  libshutdown2.o(.ARM.Collect$$libshutdown$$00000007)
    .ARM.Collect$$libshutdown$$0000000A      0x000002ea   Section        0  libshutdown2.o(.ARM.Collect$$libshutdown$$0000000A)
    .ARM.Collect$$libshutdown$$0000000C      0x000002ea   Section        0  libshutdown2.o(.ARM.Collect$$libshutdown$$0000000C)
    .ARM.Collect$$libshutdown$$0000000F      0x000002ea   Section        0  libshutdown2.o(.ARM.Collect$$libshutdown$$0000000F)
    .ARM.Collect$$libshutdown$$00000010      0x000002ea   Section        2  libshutdown2.o(.ARM.Collect$$libshutdown$$00000010)
    .ARM.Collect$$rtentry$$00000000          0x000002ec   Section        0  __rtentry.o(.ARM.Collect$$rtentry$$00000000)
    .ARM.Collect$$rtentry$$00000002          0x000002ec   Section        0  __rtentry2.o(.ARM.Collect$$rtentry$$00000002)
    .ARM.Collect$$rtentry$$00000004          0x000002ec   Section        6  __rtentry4.o(.ARM.Collect$$rtentry$$00000004)
    .ARM.Collect$$rtentry$$00000009          0x000002f2   Section        0  __rtentry2.o(.ARM.Collect$$rtentry$$00000009)
    .ARM.Collect$$rtentry$$0000000A          0x000002f2   Section        4  __rtentry2.o(.ARM.Collect$$rtentry$$0000000A)
    .ARM.Collect$$rtentry$$0000000C          0x000002f6   Section        0  __rtentry2.o(.ARM.Collect$$rtentry$$0000000C)
    .ARM.Collect$$rtentry$$0000000D          0x000002f6   Section        8  __rtentry2.o(.ARM.Collect$$rtentry$$0000000D)
    .ARM.Collect$$rtexit$$00000000           0x000002fe   Section        2  rtexit.o(.ARM.Collect$$rtexit$$00000000)
    .ARM.Collect$$rtexit$$00000002           0x00000300   Section        0  rtexit2.o(.ARM.Collect$$rtexit$$00000002)
    .ARM.Collect$$rtexit$$00000003           0x00000300   Section        4  rtexit2.o(.ARM.Collect$$rtexit$$00000003)
    .ARM.Collect$$rtexit$$00000004           0x00000304   Section        6  rtexit2.o(.ARM.Collect$$rtexit$$00000004)
    $v0                                      0x0000030c   Number         0  startup_tm4c123.o(.text)
    .text                                    0x0000030c   Section      276  startup_tm4c123.o(.text)
    .text                                    0x00000420   Section        0  strlen.o(.text)
    .text                                    0x0000045e   Section      138  rt_memcpy_v6.o(.text)
    .text                                    0x000004e8   Section       16  aeabi_memset4.o(.text)
    .text                                    0x000004f8   Section        0  heapauxi.o(.text)
    .text                                    0x000004fe   Section      100  rt_memcpy_w.o(.text)
    .text                                    0x00000562   Section       78  rt_memclr_w.o(.text)
    .text                                    0x000005b0   Section       74  sys_stackheap_outer.o(.text)
    .text                                    0x000005fa   Section        0  exit.o(.text)
    .text                                    0x0000060c   Section        8  libspace.o(.text)
    .text                                    0x00000614   Section        0  sys_exit.o(.text)
    .text                                    0x00000620   Section        2  use_no_semi.o(.text)
    .text                                    0x00000622   Section        0  indicate_semi.o(.text)
    [Anonymous Symbol]                       0x00000624   Section        0  main.o(.text.ADC0SS3_Handler)
    [Anonymous Symbol]                       0x00000670   Section        0  main.o(.text.ADC_Read_Task)
    [Anonymous Symbol]                       0x00000740   Section        0  main.o(.text.Init)
    [Anonymous Symbol]                       0x00000840   Section        0  main.o(.text.LCD_TASK)
    [Anonymous Symbol]                       0x00000884   Section        0  lcd.o(.text.LCD_clear)
    [Anonymous Symbol]                       0x00000890   Section        0  lcd.o(.text.LCD_command)
    [Anonymous Symbol]                       0x000008e4   Section        0  lcd.o(.text.LCD_data)
    [Anonymous Symbol]                       0x00000924   Section        0  lcd.o(.text.LCD_display)
    [Anonymous Symbol]                       0x0000095c   Section        0  lcd.o(.text.LCD_line)
    [Anonymous Symbol]                       0x00000990   Section        0  lcd.o(.text.LCD_start)
    [Anonymous Symbol]                       0x00000a30   Section        0  port.o(.text.PendSV_Handler)
    pxCurrentTCBConst                        0x00000a90   Number         0  port.o(.text.PendSV_Handler)
    [Anonymous Symbol]                       0x00000aa0   Section        0  port.o(.text.SVC_Handler)
    pxCurrentTCBConst2                       0x00000ac0   Number         0  port.o(.text.SVC_Handler)
    [Anonymous Symbol]                       0x00000ac4   Section        0  port.o(.text.SysTick_Handler)
    [Anonymous Symbol]                       0x00000b00   Section        0  system_tm4c123.o(.text.SystemInit)
    [Anonymous Symbol]                       0x00000b14   Section        0  main.o(.text.UART_TASK)
    [Anonymous Symbol]                       0x00000b60   Section        0  adc.o(.text.adc_init2)
    [Anonymous Symbol]                       0x00000c44   Section        0  lcd.o(.text.delayMs)
    [Anonymous Symbol]                       0x00000c68   Section        0  lcd.o(.text.delayUs)
    [Anonymous Symbol]                       0x00000c88   Section        0  tasks.o(.text.eTaskConfirmSleepModeStatus)
    [Anonymous Symbol]                       0x00000d08   Section        0  main.o(.text.main)
    [Anonymous Symbol]                       0x00000df0   Section        0  main.o(.text.print)
    [Anonymous Symbol]                       0x00000e14   Section        0  main.o(.text.printchar)
    prvAddCurrentTaskToDelayedList           0x00000e45   Thumb Code   290  tasks.o(.text.prvAddCurrentTaskToDelayedList)
    [Anonymous Symbol]                       0x00000e44   Section        0  tasks.o(.text.prvAddCurrentTaskToDelayedList)
    prvAddNewTaskToReadyList                 0x00000f69   Thumb Code   340  tasks.o(.text.prvAddNewTaskToReadyList)
    [Anonymous Symbol]                       0x00000f68   Section        0  tasks.o(.text.prvAddNewTaskToReadyList)
    prvCheckTasksWaitingTermination          0x000010bd   Thumb Code    90  tasks.o(.text.prvCheckTasksWaitingTermination)
    [Anonymous Symbol]                       0x000010bc   Section        0  tasks.o(.text.prvCheckTasksWaitingTermination)
    prvCopyDataFromQueue                     0x00001119   Thumb Code    66  queue.o(.text.prvCopyDataFromQueue)
    [Anonymous Symbol]                       0x00001118   Section        0  queue.o(.text.prvCopyDataFromQueue)
    prvCopyDataToQueue                       0x0000115d   Thumb Code   204  queue.o(.text.prvCopyDataToQueue)
    [Anonymous Symbol]                       0x0000115c   Section        0  queue.o(.text.prvCopyDataToQueue)
    prvDeleteTCB                             0x00001229   Thumb Code    24  tasks.o(.text.prvDeleteTCB)
    [Anonymous Symbol]                       0x00001228   Section        0  tasks.o(.text.prvDeleteTCB)
    prvGetDisinheritPriorityAfterTimeout     0x00001241   Thumb Code    38  queue.o(.text.prvGetDisinheritPriorityAfterTimeout)
    [Anonymous Symbol]                       0x00001240   Section        0  queue.o(.text.prvGetDisinheritPriorityAfterTimeout)
    prvGetExpectedIdleTime                   0x00001269   Thumb Code   124  tasks.o(.text.prvGetExpectedIdleTime)
    [Anonymous Symbol]                       0x00001268   Section        0  tasks.o(.text.prvGetExpectedIdleTime)
    prvIdleTask                              0x000012e5   Thumb Code   158  tasks.o(.text.prvIdleTask)
    [Anonymous Symbol]                       0x000012e4   Section        0  tasks.o(.text.prvIdleTask)
    prvInitialiseNewQueue                    0x00001385   Thumb Code    78  queue.o(.text.prvInitialiseNewQueue)
    [Anonymous Symbol]                       0x00001384   Section        0  queue.o(.text.prvInitialiseNewQueue)
    prvInitialiseNewTask                     0x000013d5   Thumb Code   326  tasks.o(.text.prvInitialiseNewTask)
    [Anonymous Symbol]                       0x000013d4   Section        0  tasks.o(.text.prvInitialiseNewTask)
    prvInitialiseTaskLists                   0x0000151d   Thumb Code   142  tasks.o(.text.prvInitialiseTaskLists)
    [Anonymous Symbol]                       0x0000151c   Section        0  tasks.o(.text.prvInitialiseTaskLists)
    prvIsQueueEmpty                          0x000015ad   Thumb Code    40  queue.o(.text.prvIsQueueEmpty)
    [Anonymous Symbol]                       0x000015ac   Section        0  queue.o(.text.prvIsQueueEmpty)
    prvIsQueueFull                           0x000015d5   Thumb Code    46  queue.o(.text.prvIsQueueFull)
    [Anonymous Symbol]                       0x000015d4   Section        0  queue.o(.text.prvIsQueueFull)
    prvNotifyQueueSetContainer               0x00001605   Thumb Code   216  queue.o(.text.prvNotifyQueueSetContainer)
    [Anonymous Symbol]                       0x00001604   Section        0  queue.o(.text.prvNotifyQueueSetContainer)
    prvPortStartFirstTask                    0x000016dd   Thumb Code    40  port.o(.text.prvPortStartFirstTask)
    [Anonymous Symbol]                       0x000016dc   Section        0  port.o(.text.prvPortStartFirstTask)
    prvResetNextTaskUnblockTime              0x00001705   Thumb Code    60  tasks.o(.text.prvResetNextTaskUnblockTime)
    [Anonymous Symbol]                       0x00001704   Section        0  tasks.o(.text.prvResetNextTaskUnblockTime)
    prvTaskExitError                         0x00001741   Thumb Code    76  port.o(.text.prvTaskExitError)
    [Anonymous Symbol]                       0x00001740   Section        0  port.o(.text.prvTaskExitError)
    prvUnlockQueue                           0x0000178d   Thumb Code   204  queue.o(.text.prvUnlockQueue)
    [Anonymous Symbol]                       0x0000178c   Section        0  queue.o(.text.prvUnlockQueue)
    [Anonymous Symbol]                       0x00001858   Section        0  heap_1.o(.text.pvPortMalloc)
    [Anonymous Symbol]                       0x00001918   Section        0  tasks.o(.text.pvTaskIncrementMutexHeldCount)
    [Anonymous Symbol]                       0x00001944   Section        0  port.o(.text.pxPortInitialiseStack)
    [Anonymous Symbol]                       0x000019a4   Section        0  main.o(.text.toString)
    [Anonymous Symbol]                       0x00001a50   Section        0  list.o(.text.uxListRemove)
    [Anonymous Symbol]                       0x00001a98   Section        0  main.o(.text.vApplicationIdleHook)
    [Anonymous Symbol]                       0x00001a9c   Section        0  list.o(.text.vListInitialise)
    [Anonymous Symbol]                       0x00001acc   Section        0  list.o(.text.vListInitialiseItem)
    [Anonymous Symbol]                       0x00001adc   Section        0  list.o(.text.vListInsert)
    vPortEnableVFP                           0x00001b49   Thumb Code    20  port.o(.text.vPortEnableVFP)
    [Anonymous Symbol]                       0x00001b48   Section        0  port.o(.text.vPortEnableVFP)
    [Anonymous Symbol]                       0x00001b5c   Section        0  port.o(.text.vPortEnterCritical)
    [Anonymous Symbol]                       0x00001bb4   Section        0  port.o(.text.vPortExitCritical)
    [Anonymous Symbol]                       0x00001c00   Section        0  heap_1.o(.text.vPortFree)
    [Anonymous Symbol]                       0x00001c24   Section        0  port.o(.text.vPortSetupTimerInterrupt)
    [Anonymous Symbol]                       0x00001c9c   Section        0  port.o(.text.vPortSuppressTicksAndSleep)
    [Anonymous Symbol]                       0x00001ea8   Section        0  port.o(.text.vPortValidateInterruptPriority)
    [Anonymous Symbol]                       0x00001f2c   Section        0  tasks.o(.text.vTaskInternalSetTimeOutState)
    [Anonymous Symbol]                       0x00001f50   Section        0  tasks.o(.text.vTaskMissedYield)
    [Anonymous Symbol]                       0x00001f60   Section        0  tasks.o(.text.vTaskPlaceOnEventList)
    [Anonymous Symbol]                       0x00001fa4   Section        0  tasks.o(.text.vTaskPriorityDisinheritAfterTimeout)
    [Anonymous Symbol]                       0x00002128   Section        0  tasks.o(.text.vTaskStartScheduler)
    [Anonymous Symbol]                       0x000021d4   Section        0  tasks.o(.text.vTaskStepTick)
    [Anonymous Symbol]                       0x00002220   Section        0  tasks.o(.text.vTaskSuspendAll)
    __tagsym$$used.0                         0x00002230   Number         0  tasks.o(.text.vTaskSwitchContext)
    [Anonymous Symbol]                       0x00002230   Section        0  tasks.o(.text.vTaskSwitchContext)
    [Anonymous Symbol]                       0x000022f0   Section        0  port.o(.text.xPortStartScheduler)
    [Anonymous Symbol]                       0x00002448   Section        0  queue.o(.text.xQueueGenericCreate)
    [Anonymous Symbol]                       0x000024e4   Section        0  queue.o(.text.xQueueGenericReset)
    [Anonymous Symbol]                       0x000025ec   Section        0  queue.o(.text.xQueueGenericSend)
    [Anonymous Symbol]                       0x00002860   Section        0  queue.o(.text.xQueueGiveFromISR)
    [Anonymous Symbol]                       0x000029d0   Section        0  queue.o(.text.xQueueReceive)
    [Anonymous Symbol]                       0x00002bac   Section        0  queue.o(.text.xQueueSemaphoreTake)
    [Anonymous Symbol]                       0x00002dd8   Section        0  tasks.o(.text.xTaskCheckForTimeOut)
    [Anonymous Symbol]                       0x00002ed4   Section        0  tasks.o(.text.xTaskCreate)
    [Anonymous Symbol]                       0x00002f6c   Section        0  tasks.o(.text.xTaskGetSchedulerState)
    [Anonymous Symbol]                       0x00002fa4   Section        0  tasks.o(.text.xTaskIncrementTick)
    [Anonymous Symbol]                       0x00003204   Section        0  tasks.o(.text.xTaskPriorityDisinherit)
    [Anonymous Symbol]                       0x0000333c   Section        0  tasks.o(.text.xTaskPriorityInherit)
    [Anonymous Symbol]                       0x00003498   Section        0  tasks.o(.text.xTaskRemoveFromEventList)
    [Anonymous Symbol]                       0x0000362c   Section        0  tasks.o(.text.xTaskResumeAll)
    $v0                                      0x00003850   Number         0  daddsub_clz.o(x$fpl$dadd)
    x$fpl$dadd                               0x00003850   Section      336  daddsub_clz.o(x$fpl$dadd)
    _dadd1                                   0x00003861   Thumb Code     0  daddsub_clz.o(x$fpl$dadd)
    $v0                                      0x000039a0   Number         0  ddiv.o(x$fpl$ddiv)
    x$fpl$ddiv                               0x000039a0   Section      692  ddiv.o(x$fpl$ddiv)
    ddiv_entry                               0x000039a7   Thumb Code     0  ddiv.o(x$fpl$ddiv)
    $v0                                      0x00003c54   Number         0  dfix.o(x$fpl$dfix)
    x$fpl$dfix                               0x00003c54   Section       94  dfix.o(x$fpl$dfix)
    $v0                                      0x00003cb2   Number         0  dflt_clz.o(x$fpl$dfltu)
    x$fpl$dfltu                              0x00003cb2   Section       38  dflt_clz.o(x$fpl$dfltu)
    $v0                                      0x00003cd8   Number         0  dmul.o(x$fpl$dmul)
    x$fpl$dmul                               0x00003cd8   Section      340  dmul.o(x$fpl$dmul)
    $v0                                      0x00003e2c   Number         0  dnaninf.o(x$fpl$dnaninf)
    x$fpl$dnaninf                            0x00003e2c   Section      156  dnaninf.o(x$fpl$dnaninf)
    $v0                                      0x00003ec8   Number         0  dretinf.o(x$fpl$dretinf)
    x$fpl$dretinf                            0x00003ec8   Section       12  dretinf.o(x$fpl$dretinf)
    $v0                                      0x00003ed4   Number         0  daddsub_clz.o(x$fpl$dsub)
    x$fpl$dsub                               0x00003ed4   Section      476  daddsub_clz.o(x$fpl$dsub)
    _dsub1                                   0x00003ee5   Thumb Code     0  daddsub_clz.o(x$fpl$dsub)
    $v0                                      0x000040b0   Number         0  fpinit.o(x$fpl$fpinit)
    x$fpl$fpinit                             0x000040b0   Section       26  fpinit.o(x$fpl$fpinit)
    .L.str                                   0x000040ca   Data          21  main.o(.rodata.str1.1)
    [Anonymous Symbol]                       0x000040ca   Section        0  main.o(.rodata.str1.1)
    x$fpl$usenofp                            0x000040ca   Section        0  usenofp.o(x$fpl$usenofp)
    .L.str.2                                 0x000040df   Data          13  main.o(.rodata.str1.1)
    .L.str.5                                 0x000040ec   Data           9  main.o(.rodata.str1.1)
    .L.str.4                                 0x000040f5   Data          10  main.o(.rodata.str1.1)
    .L.str.3                                 0x000040ff   Data          14  main.o(.rodata.str1.1)
    .L.str.1                                 0x0000410d   Data          16  main.o(.rodata.str1.1)
    .L.str                                   0x0000411d   Data           5  tasks.o(.rodata.str1.1)
    [Anonymous Symbol]                       0x0000411d   Section        0  tasks.o(.rodata.str1.1)
    uxCriticalNesting                        0x20000004   Data           4  port.o(.data.uxCriticalNesting)
    [Anonymous Symbol]                       0x20000004   Section        0  port.o(.data.uxCriticalNesting)
    .bss                                     0x20000008   Section       96  libspace.o(.bss)
    pvPortMalloc.pucAlignedHeap              0x20000070   Data           4  heap_1.o(.bss.pvPortMalloc.pucAlignedHeap)
    [Anonymous Symbol]                       0x20000070   Section        0  heap_1.o(.bss.pvPortMalloc.pucAlignedHeap)
    pxDelayedTaskList                        0x20000078   Data           4  tasks.o(.bss.pxDelayedTaskList)
    [Anonymous Symbol]                       0x20000078   Section        0  tasks.o(.bss.pxDelayedTaskList)
    pxOverflowDelayedTaskList                0x2000007c   Data           4  tasks.o(.bss.pxOverflowDelayedTaskList)
    [Anonymous Symbol]                       0x2000007c   Section        0  tasks.o(.bss.pxOverflowDelayedTaskList)
    pxReadyTasksLists                        0x20000080   Data         100  tasks.o(.bss.pxReadyTasksLists)
    [Anonymous Symbol]                       0x20000080   Section        0  tasks.o(.bss.pxReadyTasksLists)
    ucHeap                                   0x200000e4   Data       10240  heap_1.o(.bss.ucHeap)
    [Anonymous Symbol]                       0x200000e4   Section        0  heap_1.o(.bss.ucHeap)
    ucMaxSysCallPriority                     0x200028e4   Data           1  port.o(.bss.ucMaxSysCallPriority)
    [Anonymous Symbol]                       0x200028e4   Section        0  port.o(.bss.ucMaxSysCallPriority)
    ulMaxPRIGROUPValue                       0x200028e8   Data           4  port.o(.bss.ulMaxPRIGROUPValue)
    [Anonymous Symbol]                       0x200028e8   Section        0  port.o(.bss.ulMaxPRIGROUPValue)
    ulStoppedTimerCompensation               0x200028ec   Data           4  port.o(.bss.ulStoppedTimerCompensation)
    [Anonymous Symbol]                       0x200028ec   Section        0  port.o(.bss.ulStoppedTimerCompensation)
    ulTimerCountsForOneTick                  0x200028f0   Data           4  port.o(.bss.ulTimerCountsForOneTick)
    [Anonymous Symbol]                       0x200028f0   Section        0  port.o(.bss.ulTimerCountsForOneTick)
    uxCurrentNumberOfTasks                   0x200028f4   Data           4  tasks.o(.bss.uxCurrentNumberOfTasks)
    [Anonymous Symbol]                       0x200028f4   Section        0  tasks.o(.bss.uxCurrentNumberOfTasks)
    uxDeletedTasksWaitingCleanUp             0x200028f8   Data           4  tasks.o(.bss.uxDeletedTasksWaitingCleanUp)
    [Anonymous Symbol]                       0x200028f8   Section        0  tasks.o(.bss.uxDeletedTasksWaitingCleanUp)
    uxSchedulerSuspended                     0x200028fc   Data           4  tasks.o(.bss.uxSchedulerSuspended)
    [Anonymous Symbol]                       0x200028fc   Section        0  tasks.o(.bss.uxSchedulerSuspended)
    uxTaskNumber                             0x20002900   Data           4  tasks.o(.bss.uxTaskNumber)
    [Anonymous Symbol]                       0x20002900   Section        0  tasks.o(.bss.uxTaskNumber)
    uxTopReadyPriority                       0x20002904   Data           4  tasks.o(.bss.uxTopReadyPriority)
    [Anonymous Symbol]                       0x20002904   Section        0  tasks.o(.bss.uxTopReadyPriority)
    xDelayedTaskList1                        0x20002908   Data          20  tasks.o(.bss.xDelayedTaskList1)
    [Anonymous Symbol]                       0x20002908   Section        0  tasks.o(.bss.xDelayedTaskList1)
    xDelayedTaskList2                        0x2000291c   Data          20  tasks.o(.bss.xDelayedTaskList2)
    [Anonymous Symbol]                       0x2000291c   Section        0  tasks.o(.bss.xDelayedTaskList2)
    xIdleTaskHandle                          0x20002930   Data           4  tasks.o(.bss.xIdleTaskHandle)
    [Anonymous Symbol]                       0x20002930   Section        0  tasks.o(.bss.xIdleTaskHandle)
    xMaximumPossibleSuppressedTicks          0x20002938   Data           4  port.o(.bss.xMaximumPossibleSuppressedTicks)
    [Anonymous Symbol]                       0x20002938   Section        0  port.o(.bss.xMaximumPossibleSuppressedTicks)
    xNextFreeByte                            0x2000293c   Data           4  heap_1.o(.bss.xNextFreeByte)
    [Anonymous Symbol]                       0x2000293c   Section        0  heap_1.o(.bss.xNextFreeByte)
    xNextTaskUnblockTime                     0x20002940   Data           4  tasks.o(.bss.xNextTaskUnblockTime)
    [Anonymous Symbol]                       0x20002940   Section        0  tasks.o(.bss.xNextTaskUnblockTime)
    xNumOfOverflows                          0x20002944   Data           4  tasks.o(.bss.xNumOfOverflows)
    [Anonymous Symbol]                       0x20002944   Section        0  tasks.o(.bss.xNumOfOverflows)
    xPendedTicks                             0x20002948   Data           4  tasks.o(.bss.xPendedTicks)
    [Anonymous Symbol]                       0x20002948   Section        0  tasks.o(.bss.xPendedTicks)
    xPendingReadyList                        0x2000294c   Data          20  tasks.o(.bss.xPendingReadyList)
    [Anonymous Symbol]                       0x2000294c   Section        0  tasks.o(.bss.xPendingReadyList)
    xSchedulerRunning                        0x20002960   Data           4  tasks.o(.bss.xSchedulerRunning)
    [Anonymous Symbol]                       0x20002960   Section        0  tasks.o(.bss.xSchedulerRunning)
    xSuspendedTaskList                       0x20002968   Data          20  tasks.o(.bss.xSuspendedTaskList)
    [Anonymous Symbol]                       0x20002968   Section        0  tasks.o(.bss.xSuspendedTaskList)
    xTasksWaitingTermination                 0x2000297c   Data          20  tasks.o(.bss.xTasksWaitingTermination)
    [Anonymous Symbol]                       0x2000297c   Section        0  tasks.o(.bss.xTasksWaitingTermination)
    xTickCount                               0x20002990   Data           4  tasks.o(.bss.xTickCount)
    [Anonymous Symbol]                       0x20002990   Section        0  tasks.o(.bss.xTickCount)
    xYieldPending                            0x20002998   Data           4  tasks.o(.bss.xYieldPending)
    [Anonymous Symbol]                       0x20002998   Section        0  tasks.o(.bss.xYieldPending)
    Heap_Mem                                 0x200029a0   Data           0  startup_tm4c123.o(HEAP)
    Stack_Mem                                0x200029a0   Data         512  startup_tm4c123.o(STACK)
    HEAP                                     0x200029a0   Section        0  startup_tm4c123.o(HEAP)
    STACK                                    0x200029a0   Section      512  startup_tm4c123.o(STACK)
    __initial_sp                             0x20002ba0   Data           0  startup_tm4c123.o(STACK)

    Global Symbols

    Symbol Name                              Value     Ov Type        Size  Object(Section)

    BuildAttributes$$THM_ISAv4$E$P$D$K$B$S$7EM$VFPi3$EXTD16$VFPS$VFMA$PE$A:L22UL41UL21$X:L11$S22US41US21$IEEE1$IW$~IW$USESV6$~STKCKD$USESV7$~SHL$OSPACE$ROPI$EBA8$UX$STANDARDLIB$REQ8$PRES8$EABIv2 0x00000000   Number         0  anon$$obj.o ABSOLUTE
    __Vectors                                0x00000000   Data           4  startup_tm4c123.o(RESET)
    __ARM_exceptions_init                     - Undefined Weak Reference
    __alloca_initialize                       - Undefined Weak Reference
    __arm_preinit_                            - Undefined Weak Reference
    __cpp_initialize__aeabi_                  - Undefined Weak Reference
    __cxa_finalize                            - Undefined Weak Reference
    __rt_locale                               - Undefined Weak Reference
    __sigvec_lookup                           - Undefined Weak Reference
    _atexit_init                              - Undefined Weak Reference
    _call_atexit_fns                          - Undefined Weak Reference
    _clock_init                               - Undefined Weak Reference
    _fp_trap_init                             - Undefined Weak Reference
    _fp_trap_shutdown                         - Undefined Weak Reference
    _get_lc_collate                           - Undefined Weak Reference
    _get_lc_ctype                             - Undefined Weak Reference
    _get_lc_monetary                          - Undefined Weak Reference
    _get_lc_numeric                           - Undefined Weak Reference
    _get_lc_time                              - Undefined Weak Reference
    _getenv_init                              - Undefined Weak Reference
    _handle_redirection                       - Undefined Weak Reference
    _init_alloc                               - Undefined Weak Reference
    _init_user_alloc                          - Undefined Weak Reference
    _initio                                   - Undefined Weak Reference
    _rand_init                                - Undefined Weak Reference
    _signal_finish                            - Undefined Weak Reference
    _signal_init                              - Undefined Weak Reference
    _terminate_alloc                          - Undefined Weak Reference
    _terminate_user_alloc                     - Undefined Weak Reference
    _terminateio                              - Undefined Weak Reference
    __Vectors_End                            0x0000026c   Data           0  startup_tm4c123.o(RESET)
    __Vectors_Size                           0x0000026c   Number         0  startup_tm4c123.o ABSOLUTE
    __main                                   0x0000026d   Thumb Code     8  __main.o(!!!main)
    __scatterload                            0x00000275   Thumb Code     0  __scatter.o(!!!scatter)
    __scatterload_rt2                        0x00000275   Thumb Code    44  __scatter.o(!!!scatter)
    __scatterload_rt2_thumb_only             0x00000275   Thumb Code     0  __scatter.o(!!!scatter)
    __scatterload_null                       0x00000283   Thumb Code     0  __scatter.o(!!!scatter)
    __scatterload_copy                       0x000002a9   Thumb Code    26  __scatter_copy.o(!!handler_copy)
    __scatterload_zeroinit                   0x000002c5   Thumb Code    28  __scatter_zi.o(!!handler_zi)
    __rt_lib_init                            0x000002e1   Thumb Code     0  libinit.o(.ARM.Collect$$libinit$$00000000)
    __rt_lib_init_fp_1                       0x000002e3   Thumb Code     0  libinit2.o(.ARM.Collect$$libinit$$00000001)
    __rt_lib_init_alloca_1                   0x000002e7   Thumb Code     0  libinit2.o(.ARM.Collect$$libinit$$0000002E)
    __rt_lib_init_argv_1                     0x000002e7   Thumb Code     0  libinit2.o(.ARM.Collect$$libinit$$0000002C)
    __rt_lib_init_atexit_1                   0x000002e7   Thumb Code     0  libinit2.o(.ARM.Collect$$libinit$$0000001B)
    __rt_lib_init_clock_1                    0x000002e7   Thumb Code     0  libinit2.o(.ARM.Collect$$libinit$$00000021)
    __rt_lib_init_cpp_1                      0x000002e7   Thumb Code     0  libinit2.o(.ARM.Collect$$libinit$$00000032)
    __rt_lib_init_exceptions_1               0x000002e7   Thumb Code     0  libinit2.o(.ARM.Collect$$libinit$$00000030)
    __rt_lib_init_fp_trap_1                  0x000002e7   Thumb Code     0  libinit2.o(.ARM.Collect$$libinit$$0000001F)
    __rt_lib_init_getenv_1                   0x000002e7   Thumb Code     0  libinit2.o(.ARM.Collect$$libinit$$00000023)
    __rt_lib_init_heap_1                     0x000002e7   Thumb Code     0  libinit2.o(.ARM.Collect$$libinit$$0000000A)
    __rt_lib_init_lc_collate_1               0x000002e7   Thumb Code     0  libinit2.o(.ARM.Collect$$libinit$$00000011)
    __rt_lib_init_lc_ctype_1                 0x000002e7   Thumb Code     0  libinit2.o(.ARM.Collect$$libinit$$00000013)
    __rt_lib_init_lc_monetary_1              0x000002e7   Thumb Code     0  libinit2.o(.ARM.Collect$$libinit$$00000015)
    __rt_lib_init_lc_numeric_1               0x000002e7   Thumb Code     0  libinit2.o(.ARM.Collect$$libinit$$00000017)
    __rt_lib_init_lc_time_1                  0x000002e7   Thumb Code     0  libinit2.o(.ARM.Collect$$libinit$$00000019)
    __rt_lib_init_preinit_1                  0x000002e7   Thumb Code     0  libinit2.o(.ARM.Collect$$libinit$$00000004)
    __rt_lib_init_rand_1                     0x000002e7   Thumb Code     0  libinit2.o(.ARM.Collect$$libinit$$0000000E)
    __rt_lib_init_return                     0x000002e7   Thumb Code     0  libinit2.o(.ARM.Collect$$libinit$$00000033)
    __rt_lib_init_signal_1                   0x000002e7   Thumb Code     0  libinit2.o(.ARM.Collect$$libinit$$0000001D)
    __rt_lib_init_stdio_1                    0x000002e7   Thumb Code     0  libinit2.o(.ARM.Collect$$libinit$$00000025)
    __rt_lib_init_user_alloc_1               0x000002e7   Thumb Code     0  libinit2.o(.ARM.Collect$$libinit$$0000000C)
    __rt_lib_shutdown                        0x000002e9   Thumb Code     0  libshutdown.o(.ARM.Collect$$libshutdown$$00000000)
    __rt_lib_shutdown_cpp_1                  0x000002eb   Thumb Code     0  libshutdown2.o(.ARM.Collect$$libshutdown$$00000002)
    __rt_lib_shutdown_fp_trap_1              0x000002eb   Thumb Code     0  libshutdown2.o(.ARM.Collect$$libshutdown$$00000007)
    __rt_lib_shutdown_heap_1                 0x000002eb   Thumb Code     0  libshutdown2.o(.ARM.Collect$$libshutdown$$0000000F)
    __rt_lib_shutdown_return                 0x000002eb   Thumb Code     0  libshutdown2.o(.ARM.Collect$$libshutdown$$00000010)
    __rt_lib_shutdown_signal_1               0x000002eb   Thumb Code     0  libshutdown2.o(.ARM.Collect$$libshutdown$$0000000A)
    __rt_lib_shutdown_stdio_1                0x000002eb   Thumb Code     0  libshutdown2.o(.ARM.Collect$$libshutdown$$00000004)
    __rt_lib_shutdown_user_alloc_1           0x000002eb   Thumb Code     0  libshutdown2.o(.ARM.Collect$$libshutdown$$0000000C)
    __rt_entry                               0x000002ed   Thumb Code     0  __rtentry.o(.ARM.Collect$$rtentry$$00000000)
    __rt_entry_presh_1                       0x000002ed   Thumb Code     0  __rtentry2.o(.ARM.Collect$$rtentry$$00000002)
    __rt_entry_sh                            0x000002ed   Thumb Code     0  __rtentry4.o(.ARM.Collect$$rtentry$$00000004)
    __rt_entry_li                            0x000002f3   Thumb Code     0  __rtentry2.o(.ARM.Collect$$rtentry$$0000000A)
    __rt_entry_postsh_1                      0x000002f3   Thumb Code     0  __rtentry2.o(.ARM.Collect$$rtentry$$00000009)
    __rt_entry_main                          0x000002f7   Thumb Code     0  __rtentry2.o(.ARM.Collect$$rtentry$$0000000D)
    __rt_entry_postli_1                      0x000002f7   Thumb Code     0  __rtentry2.o(.ARM.Collect$$rtentry$$0000000C)
    __rt_exit                                0x000002ff   Thumb Code     0  rtexit.o(.ARM.Collect$$rtexit$$00000000)
    __rt_exit_ls                             0x00000301   Thumb Code     0  rtexit2.o(.ARM.Collect$$rtexit$$00000003)
    __rt_exit_prels_1                        0x00000301   Thumb Code     0  rtexit2.o(.ARM.Collect$$rtexit$$00000002)
    __rt_exit_exit                           0x00000305   Thumb Code     0  rtexit2.o(.ARM.Collect$$rtexit$$00000004)
    Reset_Handler                            0x0000030d   Thumb Code     8  startup_tm4c123.o(.text)
    NMI_Handler                              0x00000315   Thumb Code     2  startup_tm4c123.o(.text)
    HardFault_Handler                        0x00000317   Thumb Code     2  startup_tm4c123.o(.text)
    MemManage_Handler                        0x00000319   Thumb Code     2  startup_tm4c123.o(.text)
    BusFault_Handler                         0x0000031b   Thumb Code     2  startup_tm4c123.o(.text)
    UsageFault_Handler                       0x0000031d   Thumb Code     2  startup_tm4c123.o(.text)
    DebugMon_Handler                         0x00000321   Thumb Code     2  startup_tm4c123.o(.text)
    GPIOA_Handler                            0x00000327   Thumb Code     2  startup_tm4c123.o(.text)
    GPIOB_Handler                            0x00000329   Thumb Code     2  startup_tm4c123.o(.text)
    GPIOC_Handler                            0x0000032b   Thumb Code     2  startup_tm4c123.o(.text)
    GPIOD_Handler                            0x0000032d   Thumb Code     2  startup_tm4c123.o(.text)
    GPIOE_Handler                            0x0000032f   Thumb Code     2  startup_tm4c123.o(.text)
    UART0_Handler                            0x00000331   Thumb Code     2  startup_tm4c123.o(.text)
    UART1_Handler                            0x00000333   Thumb Code     2  startup_tm4c123.o(.text)
    SSI0_Handler                             0x00000335   Thumb Code     2  startup_tm4c123.o(.text)
    I2C0_Handler                             0x00000337   Thumb Code     2  startup_tm4c123.o(.text)
    PMW0_FAULT_Handler                       0x00000339   Thumb Code     2  startup_tm4c123.o(.text)
    PWM0_0_Handler                           0x0000033b   Thumb Code     2  startup_tm4c123.o(.text)
    PWM0_1_Handler                           0x0000033d   Thumb Code     2  startup_tm4c123.o(.text)
    PWM0_2_Handler                           0x0000033f   Thumb Code     2  startup_tm4c123.o(.text)
    QEI0_Handler                             0x00000341   Thumb Code     2  startup_tm4c123.o(.text)
    ADC0SS0_Handler                          0x00000343   Thumb Code     2  startup_tm4c123.o(.text)
    ADC0SS1_Handler                          0x00000345   Thumb Code     2  startup_tm4c123.o(.text)
    ADC0SS2_Handler                          0x00000347   Thumb Code     2  startup_tm4c123.o(.text)
    WDT0_Handler                             0x0000034b   Thumb Code     2  startup_tm4c123.o(.text)
    TIMER0A_Handler                          0x0000034d   Thumb Code     2  startup_tm4c123.o(.text)
    TIMER0B_Handler                          0x0000034f   Thumb Code     2  startup_tm4c123.o(.text)
    TIMER1A_Handler                          0x00000351   Thumb Code     2  startup_tm4c123.o(.text)
    TIMER1B_Handler                          0x00000353   Thumb Code     2  startup_tm4c123.o(.text)
    TIMER2A_Handler                          0x00000355   Thumb Code     2  startup_tm4c123.o(.text)
    TIMER2B_Handler                          0x00000357   Thumb Code     2  startup_tm4c123.o(.text)
    COMP0_Handler                            0x00000359   Thumb Code     2  startup_tm4c123.o(.text)
    COMP1_Handler                            0x0000035b   Thumb Code     2  startup_tm4c123.o(.text)
    COMP2_Handler                            0x0000035d   Thumb Code     2  startup_tm4c123.o(.text)
    SYSCTL_Handler                           0x0000035f   Thumb Code     2  startup_tm4c123.o(.text)
    FLASH_Handler                            0x00000361   Thumb Code     2  startup_tm4c123.o(.text)
    GPIOF_Handler                            0x00000363   Thumb Code     2  startup_tm4c123.o(.text)
    GPIOG_Handler                            0x00000365   Thumb Code     2  startup_tm4c123.o(.text)
    GPIOH_Handler                            0x00000367   Thumb Code     2  startup_tm4c123.o(.text)
    UART2_Handler                            0x00000369   Thumb Code     2  startup_tm4c123.o(.text)
    SSI1_Handler                             0x0000036b   Thumb Code     2  startup_tm4c123.o(.text)
    TIMER3A_Handler                          0x0000036d   Thumb Code     2  startup_tm4c123.o(.text)
    TIMER3B_Handler                          0x0000036f   Thumb Code     2  startup_tm4c123.o(.text)
    I2C1_Handler                             0x00000371   Thumb Code     2  startup_tm4c123.o(.text)
    QEI1_Handler                             0x00000373   Thumb Code     2  startup_tm4c123.o(.text)
    CAN0_Handler                             0x00000375   Thumb Code     2  startup_tm4c123.o(.text)
    CAN1_Handler                             0x00000377   Thumb Code     2  startup_tm4c123.o(.text)
    CAN2_Handler                             0x00000379   Thumb Code     2  startup_tm4c123.o(.text)
    HIB_Handler                              0x0000037b   Thumb Code     2  startup_tm4c123.o(.text)
    USB0_Handler                             0x0000037d   Thumb Code     2  startup_tm4c123.o(.text)
    PWM0_3_Handler                           0x0000037f   Thumb Code     2  startup_tm4c123.o(.text)
    UDMA_Handler                             0x00000381   Thumb Code     2  startup_tm4c123.o(.text)
    UDMAERR_Handler                          0x00000383   Thumb Code     2  startup_tm4c123.o(.text)
    ADC1SS0_Handler                          0x00000385   Thumb Code     2  startup_tm4c123.o(.text)
    ADC1SS1_Handler                          0x00000387   Thumb Code     2  startup_tm4c123.o(.text)
    ADC1SS2_Handler                          0x00000389   Thumb Code     2  startup_tm4c123.o(.text)
    ADC1SS3_Handler                          0x0000038b   Thumb Code     2  startup_tm4c123.o(.text)
    GPIOJ_Handler                            0x0000038d   Thumb Code     2  startup_tm4c123.o(.text)
    GPIOK_Handler                            0x0000038f   Thumb Code     2  startup_tm4c123.o(.text)
    GPIOL_Handler                            0x00000391   Thumb Code     2  startup_tm4c123.o(.text)
    SSI2_Handler                             0x00000393   Thumb Code     2  startup_tm4c123.o(.text)
    SSI3_Handler                             0x00000395   Thumb Code     2  startup_tm4c123.o(.text)
    UART3_Handler                            0x00000397   Thumb Code     2  startup_tm4c123.o(.text)
    UART4_Handler                            0x00000399   Thumb Code     2  startup_tm4c123.o(.text)
    UART5_Handler                            0x0000039b   Thumb Code     2  startup_tm4c123.o(.text)
    UART6_Handler                            0x0000039d   Thumb Code     2  startup_tm4c123.o(.text)
    UART7_Handler                            0x0000039f   Thumb Code     2  startup_tm4c123.o(.text)
    I2C2_Handler                             0x000003a1   Thumb Code     2  startup_tm4c123.o(.text)
    I2C3_Handler                             0x000003a3   Thumb Code     2  startup_tm4c123.o(.text)
    TIMER4A_Handler                          0x000003a5   Thumb Code     2  startup_tm4c123.o(.text)
    TIMER4B_Handler                          0x000003a7   Thumb Code     2  startup_tm4c123.o(.text)
    TIMER5A_Handler                          0x000003a9   Thumb Code     2  startup_tm4c123.o(.text)
    TIMER5B_Handler                          0x000003ab   Thumb Code     2  startup_tm4c123.o(.text)
    WTIMER0A_Handler                         0x000003ad   Thumb Code     2  startup_tm4c123.o(.text)
    WTIMER0B_Handler                         0x000003af   Thumb Code     2  startup_tm4c123.o(.text)
    WTIMER1A_Handler                         0x000003b1   Thumb Code     2  startup_tm4c123.o(.text)
    WTIMER1B_Handler                         0x000003b3   Thumb Code     2  startup_tm4c123.o(.text)
    WTIMER2A_Handler                         0x000003b5   Thumb Code     2  startup_tm4c123.o(.text)
    WTIMER2B_Handler                         0x000003b7   Thumb Code     2  startup_tm4c123.o(.text)
    WTIMER3A_Handler                         0x000003b9   Thumb Code     2  startup_tm4c123.o(.text)
    WTIMER3B_Handler                         0x000003bb   Thumb Code     2  startup_tm4c123.o(.text)
    WTIMER4A_Handler                         0x000003bd   Thumb Code     2  startup_tm4c123.o(.text)
    WTIMER4B_Handler                         0x000003bf   Thumb Code     2  startup_tm4c123.o(.text)
    WTIMER5A_Handler                         0x000003c1   Thumb Code     2  startup_tm4c123.o(.text)
    WTIMER5B_Handler                         0x000003c3   Thumb Code     2  startup_tm4c123.o(.text)
    FPU_Handler                              0x000003c5   Thumb Code     2  startup_tm4c123.o(.text)
    I2C4_Handler                             0x000003c7   Thumb Code     2  startup_tm4c123.o(.text)
    I2C5_Handler                             0x000003c9   Thumb Code     2  startup_tm4c123.o(.text)
    GPIOM_Handler                            0x000003cb   Thumb Code     2  startup_tm4c123.o(.text)
    GPION_Handler                            0x000003cd   Thumb Code     2  startup_tm4c123.o(.text)
    QEI2_Handler                             0x000003cf   Thumb Code     2  startup_tm4c123.o(.text)
    GPIOP0_Handler                           0x000003d1   Thumb Code     2  startup_tm4c123.o(.text)
    GPIOP1_Handler                           0x000003d3   Thumb Code     2  startup_tm4c123.o(.text)
    GPIOP2_Handler                           0x000003d5   Thumb Code     2  startup_tm4c123.o(.text)
    GPIOP3_Handler                           0x000003d7   Thumb Code     2  startup_tm4c123.o(.text)
    GPIOP4_Handler                           0x000003d9   Thumb Code     2  startup_tm4c123.o(.text)
    GPIOP5_Handler                           0x000003db   Thumb Code     2  startup_tm4c123.o(.text)
    GPIOP6_Handler                           0x000003dd   Thumb Code     2  startup_tm4c123.o(.text)
    GPIOP7_Handler                           0x000003df   Thumb Code     2  startup_tm4c123.o(.text)
    GPIOQ0_Handler                           0x000003e1   Thumb Code     2  startup_tm4c123.o(.text)
    GPIOQ1_Handler                           0x000003e3   Thumb Code     2  startup_tm4c123.o(.text)
    GPIOQ2_Handler                           0x000003e5   Thumb Code     2  startup_tm4c123.o(.text)
    GPIOQ3_Handler                           0x000003e7   Thumb Code     2  startup_tm4c123.o(.text)
    GPIOQ4_Handler                           0x000003e9   Thumb Code     2  startup_tm4c123.o(.text)
    GPIOQ5_Handler                           0x000003eb   Thumb Code     2  startup_tm4c123.o(.text)
    GPIOQ6_Handler                           0x000003ed   Thumb Code     2  startup_tm4c123.o(.text)
    GPIOQ7_Handler                           0x000003ef   Thumb Code     2  startup_tm4c123.o(.text)
    GPIOR_Handler                            0x000003f1   Thumb Code     2  startup_tm4c123.o(.text)
    GPIOS_Handler                            0x000003f3   Thumb Code     2  startup_tm4c123.o(.text)
    PMW1_0_Handler                           0x000003f5   Thumb Code     2  startup_tm4c123.o(.text)
    PWM1_1_Handler                           0x000003f7   Thumb Code     2  startup_tm4c123.o(.text)
    PWM1_2_Handler                           0x000003f9   Thumb Code     2  startup_tm4c123.o(.text)
    PWM1_3_Handler                           0x000003fb   Thumb Code     2  startup_tm4c123.o(.text)
    PWM1_FAULT_Handler                       0x000003fd   Thumb Code     2  startup_tm4c123.o(.text)
    __user_initial_stackheap                 0x00000401   Thumb Code     0  startup_tm4c123.o(.text)
    strlen                                   0x00000421   Thumb Code    62  strlen.o(.text)
    __aeabi_memcpy                           0x0000045f   Thumb Code     0  rt_memcpy_v6.o(.text)
    __rt_memcpy                              0x0000045f   Thumb Code   138  rt_memcpy_v6.o(.text)
    _memcpy_lastbytes                        0x000004c5   Thumb Code     0  rt_memcpy_v6.o(.text)
    __aeabi_memset4                          0x000004e9   Thumb Code    16  aeabi_memset4.o(.text)
    __aeabi_memset8                          0x000004e9   Thumb Code     0  aeabi_memset4.o(.text)
    __use_two_region_memory                  0x000004f9   Thumb Code     2  heapauxi.o(.text)
    __rt_heap_escrow$2region                 0x000004fb   Thumb Code     2  heapauxi.o(.text)
    __rt_heap_expand$2region                 0x000004fd   Thumb Code     2  heapauxi.o(.text)
    __aeabi_memcpy4                          0x000004ff   Thumb Code     0  rt_memcpy_w.o(.text)
    __aeabi_memcpy8                          0x000004ff   Thumb Code     0  rt_memcpy_w.o(.text)
    __rt_memcpy_w                            0x000004ff   Thumb Code   100  rt_memcpy_w.o(.text)
    _memcpy_lastbytes_aligned                0x00000547   Thumb Code     0  rt_memcpy_w.o(.text)
    __aeabi_memclr4                          0x00000563   Thumb Code     0  rt_memclr_w.o(.text)
    __aeabi_memclr8                          0x00000563   Thumb Code     0  rt_memclr_w.o(.text)
    __rt_memclr_w                            0x00000563   Thumb Code     0  rt_memclr_w.o(.text)
    _memset_w                                0x00000567   Thumb Code    74  rt_memclr_w.o(.text)
    __user_setup_stackheap                   0x000005b1   Thumb Code    74  sys_stackheap_outer.o(.text)
    exit                                     0x000005fb   Thumb Code    18  exit.o(.text)
    __user_libspace                          0x0000060d   Thumb Code     8  libspace.o(.text)
    __user_perproc_libspace                  0x0000060d   Thumb Code     0  libspace.o(.text)
    __user_perthread_libspace                0x0000060d   Thumb Code     0  libspace.o(.text)
    _sys_exit                                0x00000615   Thumb Code     8  sys_exit.o(.text)
    __I$use$semihosting                      0x00000621   Thumb Code     0  use_no_semi.o(.text)
    __use_no_semihosting_swi                 0x00000621   Thumb Code     2  use_no_semi.o(.text)
    __semihosting_library_function           0x00000623   Thumb Code     0  indicate_semi.o(.text)
    ADC0SS3_Handler                          0x00000625   Thumb Code    74  main.o(.text.ADC0SS3_Handler)
    ADC_Read_Task                            0x00000671   Thumb Code   208  main.o(.text.ADC_Read_Task)
    Init                                     0x00000741   Thumb Code   254  main.o(.text.Init)
    LCD_TASK                                 0x00000841   Thumb Code    68  main.o(.text.LCD_TASK)
    LCD_clear                                0x00000885   Thumb Code    10  lcd.o(.text.LCD_clear)
    LCD_command                              0x00000891   Thumb Code    84  lcd.o(.text.LCD_command)
    LCD_data                                 0x000008e5   Thumb Code    62  lcd.o(.text.LCD_data)
    LCD_display                              0x00000925   Thumb Code    56  lcd.o(.text.LCD_display)
    LCD_line                                 0x0000095d   Thumb Code    50  lcd.o(.text.LCD_line)
    LCD_start                                0x00000991   Thumb Code   156  lcd.o(.text.LCD_start)
    PendSV_Handler                           0x00000a31   Thumb Code   100  port.o(.text.PendSV_Handler)
    SVC_Handler                              0x00000aa1   Thumb Code    36  port.o(.text.SVC_Handler)
    SysTick_Handler                          0x00000ac5   Thumb Code    60  port.o(.text.SysTick_Handler)
    SystemInit                               0x00000b01   Thumb Code    18  system_tm4c123.o(.text.SystemInit)
    UART_TASK                                0x00000b15   Thumb Code    74  main.o(.text.UART_TASK)
    adc_init2                                0x00000b61   Thumb Code   226  adc.o(.text.adc_init2)
    delayMs                                  0x00000c45   Thumb Code    34  lcd.o(.text.delayMs)
    delayUs                                  0x00000c69   Thumb Code    30  lcd.o(.text.delayUs)
    eTaskConfirmSleepModeStatus              0x00000c89   Thumb Code   128  tasks.o(.text.eTaskConfirmSleepModeStatus)
    main                                     0x00000d09   Thumb Code   232  main.o(.text.main)
    print                                    0x00000df1   Thumb Code    34  main.o(.text.print)
    printchar                                0x00000e15   Thumb Code    46  main.o(.text.printchar)
    pvPortMalloc                             0x00001859   Thumb Code   192  heap_1.o(.text.pvPortMalloc)
    pvTaskIncrementMutexHeldCount            0x00001919   Thumb Code    44  tasks.o(.text.pvTaskIncrementMutexHeldCount)
    pxPortInitialiseStack                    0x00001945   Thumb Code    94  port.o(.text.pxPortInitialiseStack)
    toString                                 0x000019a5   Thumb Code   172  main.o(.text.toString)
    uxListRemove                             0x00001a51   Thumb Code    72  list.o(.text.uxListRemove)
    vApplicationIdleHook                     0x00001a99   Thumb Code     2  main.o(.text.vApplicationIdleHook)
    vListInitialise                          0x00001a9d   Thumb Code    46  list.o(.text.vListInitialise)
    vListInitialiseItem                      0x00001acd   Thumb Code    14  list.o(.text.vListInitialiseItem)
    vListInsert                              0x00001add   Thumb Code   106  list.o(.text.vListInsert)
    vPortEnterCritical                       0x00001b5d   Thumb Code    86  port.o(.text.vPortEnterCritical)
    vPortExitCritical                        0x00001bb5   Thumb Code    74  port.o(.text.vPortExitCritical)
    vPortFree                                0x00001c01   Thumb Code    36  heap_1.o(.text.vPortFree)
    vPortSetupTimerInterrupt                 0x00001c25   Thumb Code   120  port.o(.text.vPortSetupTimerInterrupt)
    vPortSuppressTicksAndSleep               0x00001c9d   Thumb Code   524  port.o(.text.vPortSuppressTicksAndSleep)
    vPortValidateInterruptPriority           0x00001ea9   Thumb Code   132  port.o(.text.vPortValidateInterruptPriority)
    vTaskInternalSetTimeOutState             0x00001f2d   Thumb Code    36  tasks.o(.text.vTaskInternalSetTimeOutState)
    vTaskMissedYield                         0x00001f51   Thumb Code    14  tasks.o(.text.vTaskMissedYield)
    vTaskPlaceOnEventList                    0x00001f61   Thumb Code    66  tasks.o(.text.vTaskPlaceOnEventList)
    vTaskPriorityDisinheritAfterTimeout      0x00001fa5   Thumb Code   386  tasks.o(.text.vTaskPriorityDisinheritAfterTimeout)
    vTaskStartScheduler                      0x00002129   Thumb Code   170  tasks.o(.text.vTaskStartScheduler)
    vTaskStepTick                            0x000021d5   Thumb Code    76  tasks.o(.text.vTaskStepTick)
    vTaskSuspendAll                          0x00002221   Thumb Code    16  tasks.o(.text.vTaskSuspendAll)
    vTaskSwitchContext                       0x00002231   Thumb Code   190  tasks.o(.text.vTaskSwitchContext)
    xPortStartScheduler                      0x000022f1   Thumb Code   342  port.o(.text.xPortStartScheduler)
    xQueueGenericCreate                      0x00002449   Thumb Code   154  queue.o(.text.xQueueGenericCreate)
    xQueueGenericReset                       0x000024e5   Thumb Code   264  queue.o(.text.xQueueGenericReset)
    xQueueGenericSend                        0x000025ed   Thumb Code   628  queue.o(.text.xQueueGenericSend)
    xQueueGiveFromISR                        0x00002861   Thumb Code   366  queue.o(.text.xQueueGiveFromISR)
    xQueueReceive                            0x000029d1   Thumb Code   476  queue.o(.text.xQueueReceive)
    xQueueSemaphoreTake                      0x00002bad   Thumb Code   556  queue.o(.text.xQueueSemaphoreTake)
    xTaskCheckForTimeOut                     0x00002dd9   Thumb Code   252  tasks.o(.text.xTaskCheckForTimeOut)
    xTaskCreate                              0x00002ed5   Thumb Code   152  tasks.o(.text.xTaskCreate)
    xTaskGetSchedulerState                   0x00002f6d   Thumb Code    56  tasks.o(.text.xTaskGetSchedulerState)
    xTaskIncrementTick                       0x00002fa5   Thumb Code   608  tasks.o(.text.xTaskIncrementTick)
    xTaskPriorityDisinherit                  0x00003205   Thumb Code   312  tasks.o(.text.xTaskPriorityDisinherit)
    xTaskPriorityInherit                     0x0000333d   Thumb Code   348  tasks.o(.text.xTaskPriorityInherit)
    xTaskRemoveFromEventList                 0x00003499   Thumb Code   402  tasks.o(.text.xTaskRemoveFromEventList)
    xTaskResumeAll                           0x0000362d   Thumb Code   546  tasks.o(.text.xTaskResumeAll)
    __aeabi_dadd                             0x00003851   Thumb Code     0  daddsub_clz.o(x$fpl$dadd)
    _dadd                                    0x00003851   Thumb Code   332  daddsub_clz.o(x$fpl$dadd)
    __aeabi_ddiv                             0x000039a1   Thumb Code     0  ddiv.o(x$fpl$ddiv)
    _ddiv                                    0x000039a1   Thumb Code   556  ddiv.o(x$fpl$ddiv)
    __aeabi_d2iz                             0x00003c55   Thumb Code     0  dfix.o(x$fpl$dfix)
    _dfix                                    0x00003c55   Thumb Code    94  dfix.o(x$fpl$dfix)
    __aeabi_ui2d                             0x00003cb3   Thumb Code     0  dflt_clz.o(x$fpl$dfltu)
    _dfltu                                   0x00003cb3   Thumb Code    38  dflt_clz.o(x$fpl$dfltu)
    __aeabi_dmul                             0x00003cd9   Thumb Code     0  dmul.o(x$fpl$dmul)
    _dmul                                    0x00003cd9   Thumb Code   332  dmul.o(x$fpl$dmul)
    __fpl_dnaninf                            0x00003e2d   Thumb Code   156  dnaninf.o(x$fpl$dnaninf)
    __fpl_dretinf                            0x00003ec9   Thumb Code    12  dretinf.o(x$fpl$dretinf)
    __aeabi_dsub                             0x00003ed5   Thumb Code     0  daddsub_clz.o(x$fpl$dsub)
    _dsub                                    0x00003ed5   Thumb Code   472  daddsub_clz.o(x$fpl$dsub)
    _fp_init                                 0x000040b1   Thumb Code    26  fpinit.o(x$fpl$fpinit)
    __fplib_config_fpu_vfp                   0x000040c9   Thumb Code     0  fpinit.o(x$fpl$fpinit)
    __fplib_config_pureend_doubles           0x000040c9   Thumb Code     0  fpinit.o(x$fpl$fpinit)
    __I$use$fp                               0x000040ca   Number         0  usenofp.o(x$fpl$usenofp)
    uxTopUsedPriority                        0x00004124   Data           4  tasks.o(.rodata.uxTopUsedPriority)
    Region$$Table$$Base                      0x00004128   Number         0  anon$$obj.o(Region$$Table)
    Region$$Table$$Limit                     0x00004148   Number         0  anon$$obj.o(Region$$Table)
    SystemCoreClock                          0x20000000   Data           4  system_tm4c123.o(.data.SystemCoreClock)
    __libspace_start                         0x20000008   Data          96  libspace.o(.bss)
    Txt1                                     0x20000068   Data           4  main.o(.bss.Txt1)
    __temporary_stack_top$libspace           0x20000068   Data           0  libspace.o(.bss)
    Txt2                                     0x2000006c   Data           4  main.o(.bss.Txt2)
    pxCurrentTCB                             0x20000074   Data           4  tasks.o(.bss.pxCurrentTCB)
    xLCDQueue                                0x20002934   Data           4  main.o(.bss.xLCDQueue)
    xSemaphore                               0x20002964   Data           4  main.o(.bss.xSemaphore)
    xUARTQueue                               0x20002994   Data           4  main.o(.bss.xUARTQueue)



==============================================================================

Memory Map of the image

  Image Entry point : 0x0000030d

  Load Region LR_IROM1 (Base: 0x00000000, Size: 0x00004150, Max: 0x00040000, ABSOLUTE)

    Execution Region ER_IROM1 (Exec base: 0x00000000, Load base: 0x00000000, Size: 0x00004148, Max: 0x00040000, ABSOLUTE)

    Exec Addr    Load Addr    Size         Type   Attr      Idx    E Section Name        Object

    0x00000000   0x00000000   0x0000026c   Data   RO           72    RESET               startup_tm4c123.o
    0x0000026c   0x0000026c   0x00000008   Code   RO          431  * !!!main             c_w.l(__main.o)
    0x00000274   0x00000274   0x00000034   Code   RO          625    !!!scatter          c_w.l(__scatter.o)
    0x000002a8   0x000002a8   0x0000001a   Code   RO          627    !!handler_copy      c_w.l(__scatter_copy.o)
    0x000002c2   0x000002c2   0x00000002   PAD
    0x000002c4   0x000002c4   0x0000001c   Code   RO          629    !!handler_zi        c_w.l(__scatter_zi.o)
    0x000002e0   0x000002e0   0x00000002   Code   RO          489    .ARM.Collect$$libinit$$00000000  c_w.l(libinit.o)
    0x000002e2   0x000002e2   0x00000004   Code   RO          495    .ARM.Collect$$libinit$$00000001  c_w.l(libinit2.o)
    0x000002e6   0x000002e6   0x00000000   Code   RO          498    .ARM.Collect$$libinit$$00000004  c_w.l(libinit2.o)
    0x000002e6   0x000002e6   0x00000000   Code   RO          501    .ARM.Collect$$libinit$$0000000A  c_w.l(libinit2.o)
    0x000002e6   0x000002e6   0x00000000   Code   RO          503    .ARM.Collect$$libinit$$0000000C  c_w.l(libinit2.o)
    0x000002e6   0x000002e6   0x00000000   Code   RO          505    .ARM.Collect$$libinit$$0000000E  c_w.l(libinit2.o)
    0x000002e6   0x000002e6   0x00000000   Code   RO          508    .ARM.Collect$$libinit$$00000011  c_w.l(libinit2.o)
    0x000002e6   0x000002e6   0x00000000   Code   RO          510    .ARM.Collect$$libinit$$00000013  c_w.l(libinit2.o)
    0x000002e6   0x000002e6   0x00000000   Code   RO          512    .ARM.Collect$$libinit$$00000015  c_w.l(libinit2.o)
    0x000002e6   0x000002e6   0x00000000   Code   RO          514    .ARM.Collect$$libinit$$00000017  c_w.l(libinit2.o)
    0x000002e6   0x000002e6   0x00000000   Code   RO          516    .ARM.Collect$$libinit$$00000019  c_w.l(libinit2.o)
    0x000002e6   0x000002e6   0x00000000   Code   RO          518    .ARM.Collect$$libinit$$0000001B  c_w.l(libinit2.o)
    0x000002e6   0x000002e6   0x00000000   Code   RO          520    .ARM.Collect$$libinit$$0000001D  c_w.l(libinit2.o)
    0x000002e6   0x000002e6   0x00000000   Code   RO          522    .ARM.Collect$$libinit$$0000001F  c_w.l(libinit2.o)
    0x000002e6   0x000002e6   0x00000000   Code   RO          524    .ARM.Collect$$libinit$$00000021  c_w.l(libinit2.o)
    0x000002e6   0x000002e6   0x00000000   Code   RO          526    .ARM.Collect$$libinit$$00000023  c_w.l(libinit2.o)
    0x000002e6   0x000002e6   0x00000000   Code   RO          528    .ARM.Collect$$libinit$$00000025  c_w.l(libinit2.o)
    0x000002e6   0x000002e6   0x00000000   Code   RO          532    .ARM.Collect$$libinit$$0000002C  c_w.l(libinit2.o)
    0x000002e6   0x000002e6   0x00000000   Code   RO          534    .ARM.Collect$$libinit$$0000002E  c_w.l(libinit2.o)
    0x000002e6   0x000002e6   0x00000000   Code   RO          536    .ARM.Collect$$libinit$$00000030  c_w.l(libinit2.o)
    0x000002e6   0x000002e6   0x00000000   Code   RO          538    .ARM.Collect$$libinit$$00000032  c_w.l(libinit2.o)
    0x000002e6   0x000002e6   0x00000002   Code   RO          539    .ARM.Collect$$libinit$$00000033  c_w.l(libinit2.o)
    0x000002e8   0x000002e8   0x00000002   Code   RO          561    .ARM.Collect$$libshutdown$$00000000  c_w.l(libshutdown.o)
    0x000002ea   0x000002ea   0x00000000   Code   RO          576    .ARM.Collect$$libshutdown$$00000002  c_w.l(libshutdown2.o)
    0x000002ea   0x000002ea   0x00000000   Code   RO          578    .ARM.Collect$$libshutdown$$00000004  c_w.l(libshutdown2.o)
    0x000002ea   0x000002ea   0x00000000   Code   RO          581    .ARM.Collect$$libshutdown$$00000007  c_w.l(libshutdown2.o)
    0x000002ea   0x000002ea   0x00000000   Code   RO          584    .ARM.Collect$$libshutdown$$0000000A  c_w.l(libshutdown2.o)
    0x000002ea   0x000002ea   0x00000000   Code   RO          586    .ARM.Collect$$libshutdown$$0000000C  c_w.l(libshutdown2.o)
    0x000002ea   0x000002ea   0x00000000   Code   RO          589    .ARM.Collect$$libshutdown$$0000000F  c_w.l(libshutdown2.o)
    0x000002ea   0x000002ea   0x00000002   Code   RO          590    .ARM.Collect$$libshutdown$$00000010  c_w.l(libshutdown2.o)
    0x000002ec   0x000002ec   0x00000000   Code   RO          455    .ARM.Collect$$rtentry$$00000000  c_w.l(__rtentry.o)
    0x000002ec   0x000002ec   0x00000000   Code   RO          466    .ARM.Collect$$rtentry$$00000002  c_w.l(__rtentry2.o)
    0x000002ec   0x000002ec   0x00000006   Code   RO          478    .ARM.Collect$$rtentry$$00000004  c_w.l(__rtentry4.o)
    0x000002f2   0x000002f2   0x00000000   Code   RO          468    .ARM.Collect$$rtentry$$00000009  c_w.l(__rtentry2.o)
    0x000002f2   0x000002f2   0x00000004   Code   RO          469    .ARM.Collect$$rtentry$$0000000A  c_w.l(__rtentry2.o)
    0x000002f6   0x000002f6   0x00000000   Code   RO          471    .ARM.Collect$$rtentry$$0000000C  c_w.l(__rtentry2.o)
    0x000002f6   0x000002f6   0x00000008   Code   RO          472    .ARM.Collect$$rtentry$$0000000D  c_w.l(__rtentry2.o)
    0x000002fe   0x000002fe   0x00000002   Code   RO          493    .ARM.Collect$$rtexit$$00000000  c_w.l(rtexit.o)
    0x00000300   0x00000300   0x00000000   Code   RO          541    .ARM.Collect$$rtexit$$00000002  c_w.l(rtexit2.o)
    0x00000300   0x00000300   0x00000004   Code   RO          542    .ARM.Collect$$rtexit$$00000003  c_w.l(rtexit2.o)
    0x00000304   0x00000304   0x00000006   Code   RO          543    .ARM.Collect$$rtexit$$00000004  c_w.l(rtexit2.o)
    0x0000030a   0x0000030a   0x00000002   PAD
    0x0000030c   0x0000030c   0x00000114   Code   RO           73  * .text               startup_tm4c123.o
    0x00000420   0x00000420   0x0000003e   Code   RO          423    .text               c_w.l(strlen.o)
    0x0000045e   0x0000045e   0x0000008a   Code   RO          425    .text               c_w.l(rt_memcpy_v6.o)
    0x000004e8   0x000004e8   0x00000010   Code   RO          427    .text               c_w.l(aeabi_memset4.o)
    0x000004f8   0x000004f8   0x00000006   Code   RO          429    .text               c_w.l(heapauxi.o)
    0x000004fe   0x000004fe   0x00000064   Code   RO          456    .text               c_w.l(rt_memcpy_w.o)
    0x00000562   0x00000562   0x0000004e   Code   RO          458    .text               c_w.l(rt_memclr_w.o)
    0x000005b0   0x000005b0   0x0000004a   Code   RO          480    .text               c_w.l(sys_stackheap_outer.o)
    0x000005fa   0x000005fa   0x00000012   Code   RO          482    .text               c_w.l(exit.o)
    0x0000060c   0x0000060c   0x00000008   Code   RO          490    .text               c_w.l(libspace.o)
    0x00000614   0x00000614   0x0000000c   Code   RO          551    .text               c_w.l(sys_exit.o)
    0x00000620   0x00000620   0x00000002   Code   RO          566    .text               c_w.l(use_no_semi.o)
    0x00000622   0x00000622   0x00000000   Code   RO          568    .text               c_w.l(indicate_semi.o)
    0x00000622   0x00000622   0x00000002   PAD
    0x00000624   0x00000624   0x0000004a   Code   RO           16    .text.ADC0SS3_Handler  main.o
    0x0000066e   0x0000066e   0x00000002   PAD
    0x00000670   0x00000670   0x000000d0   Code   RO           10    .text.ADC_Read_Task  main.o
    0x00000740   0x00000740   0x000000fe   Code   RO            8    .text.Init          main.o
    0x0000083e   0x0000083e   0x00000002   PAD
    0x00000840   0x00000840   0x00000044   Code   RO           18    .text.LCD_TASK      main.o
    0x00000884   0x00000884   0x0000000a   Code   RO           58    .text.LCD_clear     lcd.o
    0x0000088e   0x0000088e   0x00000002   PAD
    0x00000890   0x00000890   0x00000054   Code   RO           52    .text.LCD_command   lcd.o
    0x000008e4   0x000008e4   0x0000003e   Code   RO           56    .text.LCD_data      lcd.o
    0x00000922   0x00000922   0x00000002   PAD
    0x00000924   0x00000924   0x00000038   Code   RO           62    .text.LCD_display   lcd.o
    0x0000095c   0x0000095c   0x00000032   Code   RO           60    .text.LCD_line      lcd.o
    0x0000098e   0x0000098e   0x00000002   PAD
    0x00000990   0x00000990   0x0000009c   Code   RO           54    .text.LCD_start     lcd.o
    0x00000a2c   0x00000a2c   0x00000004   PAD
    0x00000a30   0x00000a30   0x00000064   Code   RO          132    .text.PendSV_Handler  port.o
    0x00000a94   0x00000a94   0x0000000c   PAD
    0x00000aa0   0x00000aa0   0x00000024   Code   RO          116    .text.SVC_Handler   port.o
    0x00000ac4   0x00000ac4   0x0000003c   Code   RO          134    .text.SysTick_Handler  port.o
    0x00000b00   0x00000b00   0x00000012   Code   RO           84    .text.SystemInit    system_tm4c123.o
    0x00000b12   0x00000b12   0x00000002   PAD
    0x00000b14   0x00000b14   0x0000004a   Code   RO           12    .text.UART_TASK     main.o
    0x00000b5e   0x00000b5e   0x00000002   PAD
    0x00000b60   0x00000b60   0x000000e2   Code   RO           39    .text.adc_init2     adc.o
    0x00000c42   0x00000c42   0x00000002   PAD
    0x00000c44   0x00000c44   0x00000022   Code   RO           50    .text.delayMs       lcd.o
    0x00000c66   0x00000c66   0x00000002   PAD
    0x00000c68   0x00000c68   0x0000001e   Code   RO           48    .text.delayUs       lcd.o
    0x00000c86   0x00000c86   0x00000002   PAD
    0x00000c88   0x00000c88   0x00000080   Code   RO          348    .text.eTaskConfirmSleepModeStatus  tasks.o
    0x00000d08   0x00000d08   0x000000e8   Code   RO           20    .text.main          main.o
    0x00000df0   0x00000df0   0x00000022   Code   RO            6    .text.print         main.o
    0x00000e12   0x00000e12   0x00000002   PAD
    0x00000e14   0x00000e14   0x0000002e   Code   RO            4    .text.printchar     main.o
    0x00000e42   0x00000e42   0x00000002   PAD
    0x00000e44   0x00000e44   0x00000122   Code   RO          272    .text.prvAddCurrentTaskToDelayedList  tasks.o
    0x00000f66   0x00000f66   0x00000002   PAD
    0x00000f68   0x00000f68   0x00000154   Code   RO          260    .text.prvAddNewTaskToReadyList  tasks.o
    0x000010bc   0x000010bc   0x0000005a   Code   RO          388    .text.prvCheckTasksWaitingTermination  tasks.o
    0x00001116   0x00001116   0x00000002   PAD
    0x00001118   0x00001118   0x00000042   Code   RO          209    .text.prvCopyDataFromQueue  queue.o
    0x0000115a   0x0000115a   0x00000002   PAD
    0x0000115c   0x0000115c   0x000000cc   Code   RO          195    .text.prvCopyDataToQueue  queue.o
    0x00001228   0x00001228   0x00000018   Code   RO          266    .text.prvDeleteTCB  tasks.o
    0x00001240   0x00001240   0x00000026   Code   RO          213    .text.prvGetDisinheritPriorityAfterTimeout  queue.o
    0x00001266   0x00001266   0x00000002   PAD
    0x00001268   0x00001268   0x0000007c   Code   RO          390    .text.prvGetExpectedIdleTime  tasks.o
    0x000012e4   0x000012e4   0x0000009e   Code   RO          298    .text.prvIdleTask   tasks.o
    0x00001382   0x00001382   0x00000002   PAD
    0x00001384   0x00001384   0x0000004e   Code   RO          175    .text.prvInitialiseNewQueue  queue.o
    0x000013d2   0x000013d2   0x00000002   PAD
    0x000013d4   0x000013d4   0x00000146   Code   RO          258    .text.prvInitialiseNewTask  tasks.o
    0x0000151a   0x0000151a   0x00000002   PAD
    0x0000151c   0x0000151c   0x0000008e   Code   RO          386    .text.prvInitialiseTaskLists  tasks.o
    0x000015aa   0x000015aa   0x00000002   PAD
    0x000015ac   0x000015ac   0x00000028   Code   RO          211    .text.prvIsQueueEmpty  queue.o
    0x000015d4   0x000015d4   0x0000002e   Code   RO          199    .text.prvIsQueueFull  queue.o
    0x00001602   0x00001602   0x00000002   PAD
    0x00001604   0x00001604   0x000000d8   Code   RO          197    .text.prvNotifyQueueSetContainer  queue.o
    0x000016dc   0x000016dc   0x00000028   Code   RO          124    .text.prvPortStartFirstTask  port.o
    0x00001704   0x00001704   0x0000003c   Code   RO          264    .text.prvResetNextTaskUnblockTime  tasks.o
    0x00001740   0x00001740   0x0000004c   Code   RO          114    .text.prvTaskExitError  port.o
    0x0000178c   0x0000178c   0x000000cc   Code   RO          201    .text.prvUnlockQueue  queue.o
    0x00001858   0x00001858   0x000000c0   Code   RO          153    .text.pvPortMalloc  heap_1.o
    0x00001918   0x00001918   0x0000002c   Code   RO          370    .text.pvTaskIncrementMutexHeldCount  tasks.o
    0x00001944   0x00001944   0x0000005e   Code   RO          112    .text.pxPortInitialiseStack  port.o
    0x000019a2   0x000019a2   0x00000002   PAD
    0x000019a4   0x000019a4   0x000000ac   Code   RO            2    .text.toString      main.o
    0x00001a50   0x00001a50   0x00000048   Code   RO          103    .text.uxListRemove  list.o
    0x00001a98   0x00001a98   0x00000002   Code   RO           14    .text.vApplicationIdleHook  main.o
    0x00001a9a   0x00001a9a   0x00000002   PAD
    0x00001a9c   0x00001a9c   0x0000002e   Code   RO           95    .text.vListInitialise  list.o
    0x00001aca   0x00001aca   0x00000002   PAD
    0x00001acc   0x00001acc   0x0000000e   Code   RO           97    .text.vListInitialiseItem  list.o
    0x00001ada   0x00001ada   0x00000002   PAD
    0x00001adc   0x00001adc   0x0000006a   Code   RO          101    .text.vListInsert   list.o
    0x00001b46   0x00001b46   0x00000002   PAD
    0x00001b48   0x00001b48   0x00000014   Code   RO          122    .text.vPortEnableVFP  port.o
    0x00001b5c   0x00001b5c   0x00000056   Code   RO          128    .text.vPortEnterCritical  port.o
    0x00001bb2   0x00001bb2   0x00000002   PAD
    0x00001bb4   0x00001bb4   0x0000004a   Code   RO          130    .text.vPortExitCritical  port.o
    0x00001bfe   0x00001bfe   0x00000002   PAD
    0x00001c00   0x00001c00   0x00000024   Code   RO          155    .text.vPortFree     heap_1.o
    0x00001c24   0x00001c24   0x00000078   Code   RO          120    .text.vPortSetupTimerInterrupt  port.o
    0x00001c9c   0x00001c9c   0x0000020c   Code   RO          136    .text.vPortSuppressTicksAndSleep  port.o
    0x00001ea8   0x00001ea8   0x00000084   Code   RO          138    .text.vPortValidateInterruptPriority  port.o
    0x00001f2c   0x00001f2c   0x00000024   Code   RO          338    .text.vTaskInternalSetTimeOutState  tasks.o
    0x00001f50   0x00001f50   0x0000000e   Code   RO          342    .text.vTaskMissedYield  tasks.o
    0x00001f5e   0x00001f5e   0x00000002   PAD
    0x00001f60   0x00001f60   0x00000042   Code   RO          328    .text.vTaskPlaceOnEventList  tasks.o
    0x00001fa2   0x00001fa2   0x00000002   PAD
    0x00001fa4   0x00001fa4   0x00000182   Code   RO          366    .text.vTaskPriorityDisinheritAfterTimeout  tasks.o
    0x00002126   0x00002126   0x00000002   PAD
    0x00002128   0x00002128   0x000000aa   Code   RO          296    .text.vTaskStartScheduler  tasks.o
    0x000021d2   0x000021d2   0x00000002   PAD
    0x000021d4   0x000021d4   0x0000004c   Code   RO          322    .text.vTaskStepTick  tasks.o
    0x00002220   0x00002220   0x00000010   Code   RO          270    .text.vTaskSuspendAll  tasks.o
    0x00002230   0x00002230   0x000000be   Code   RO          288    .text.vTaskSwitchContext  tasks.o
    0x000022ee   0x000022ee   0x00000002   PAD
    0x000022f0   0x000022f0   0x00000156   Code   RO          118    .text.xPortStartScheduler  port.o
    0x00002446   0x00002446   0x00000002   PAD
    0x00002448   0x00002448   0x0000009a   Code   RO          173    .text.xQueueGenericCreate  queue.o
    0x000024e2   0x000024e2   0x00000002   PAD
    0x000024e4   0x000024e4   0x00000108   Code   RO          171    .text.xQueueGenericReset  queue.o
    0x000025ec   0x000025ec   0x00000274   Code   RO          187    .text.xQueueGenericSend  queue.o
    0x00002860   0x00002860   0x0000016e   Code   RO          205    .text.xQueueGiveFromISR  queue.o
    0x000029ce   0x000029ce   0x00000002   PAD
    0x000029d0   0x000029d0   0x000001dc   Code   RO          207    .text.xQueueReceive  queue.o
    0x00002bac   0x00002bac   0x0000022c   Code   RO          191    .text.xQueueSemaphoreTake  queue.o
    0x00002dd8   0x00002dd8   0x000000fc   Code   RO          340    .text.xTaskCheckForTimeOut  tasks.o
    0x00002ed4   0x00002ed4   0x00000098   Code   RO          256    .text.xTaskCreate   tasks.o
    0x00002f6c   0x00002f6c   0x00000038   Code   RO          360    .text.xTaskGetSchedulerState  tasks.o
    0x00002fa4   0x00002fa4   0x00000260   Code   RO          302    .text.xTaskIncrementTick  tasks.o
    0x00003204   0x00003204   0x00000138   Code   RO          364    .text.xTaskPriorityDisinherit  tasks.o
    0x0000333c   0x0000333c   0x0000015c   Code   RO          362    .text.xTaskPriorityInherit  tasks.o
    0x00003498   0x00003498   0x00000192   Code   RO          332    .text.xTaskRemoveFromEventList  tasks.o
    0x0000362a   0x0000362a   0x00000002   PAD
    0x0000362c   0x0000362c   0x00000222   Code   RO          274    .text.xTaskResumeAll  tasks.o
    0x0000384e   0x0000384e   0x00000002   PAD
    0x00003850   0x00003850   0x00000150   Code   RO          433    x$fpl$dadd          fz_wm.l(daddsub_clz.o)
    0x000039a0   0x000039a0   0x000002b4   Code   RO          440    x$fpl$ddiv          fz_wm.l(ddiv.o)
    0x00003c54   0x00003c54   0x0000005e   Code   RO          443    x$fpl$dfix          fz_wm.l(dfix.o)
    0x00003cb2   0x00003cb2   0x00000026   Code   RO          447    x$fpl$dfltu         fz_wm.l(dflt_clz.o)
    0x00003cd8   0x00003cd8   0x00000154   Code   RO          453    x$fpl$dmul          fz_wm.l(dmul.o)
    0x00003e2c   0x00003e2c   0x0000009c   Code   RO          460    x$fpl$dnaninf       fz_wm.l(dnaninf.o)
    0x00003ec8   0x00003ec8   0x0000000c   Code   RO          462    x$fpl$dretinf       fz_wm.l(dretinf.o)
    0x00003ed4   0x00003ed4   0x000001dc   Code   RO          435    x$fpl$dsub          fz_wm.l(daddsub_clz.o)
    0x000040b0   0x000040b0   0x0000001a   Code   RO          549    x$fpl$fpinit        fz_wm.l(fpinit.o)
    0x000040ca   0x000040ca   0x00000000   Code   RO          464    x$fpl$usenofp       fz_wm.l(usenofp.o)
    0x000040ca   0x000040ca   0x00000053   Data   RO           27    .rodata.str1.1      main.o
    0x0000411d   0x0000411d   0x00000005   Data   RO          408    .rodata.str1.1      tasks.o
    0x00004122   0x00004122   0x00000002   PAD
    0x00004124   0x00004124   0x00000004   Data   RO          393    .rodata.uxTopUsedPriority  tasks.o
    0x00004128   0x00004128   0x00000020   Data   RO          624    Region$$Table       anon$$obj.o


    Execution Region RW_IRAM1 (Exec base: 0x20000000, Load base: 0x00004148, Size: 0x00002ba0, Max: 0x00008000, ABSOLUTE)

    Exec Addr    Load Addr    Size         Type   Attr      Idx    E Section Name        Object

    0x20000000   0x00004148   0x00000004   Data   RW           86    .data.SystemCoreClock  system_tm4c123.o
    0x20000004   0x0000414c   0x00000004   Data   RW          142    .data.uxCriticalNesting  port.o
    0x20000008        -       0x00000060   Zero   RW          491    .bss                c_w.l(libspace.o)
    0x20000068        -       0x00000004   Zero   RW           26    .bss.Txt1           main.o
    0x2000006c        -       0x00000004   Zero   RW           28    .bss.Txt2           main.o
    0x20000070        -       0x00000004   Zero   RW          161    .bss.pvPortMalloc.pucAlignedHeap  heap_1.o
    0x20000074        -       0x00000004   Zero   RW          392    .bss.pxCurrentTCB   tasks.o
    0x20000078        -       0x00000004   Zero   RW          403    .bss.pxDelayedTaskList  tasks.o
    0x2000007c        -       0x00000004   Zero   RW          404    .bss.pxOverflowDelayedTaskList  tasks.o
    0x20000080        -       0x00000064   Zero   RW          394    .bss.pxReadyTasksLists  tasks.o
    0x200000e4        -       0x00002800   Zero   RW          162    .bss.ucHeap         heap_1.o
    0x200028e4        -       0x00000001   Zero   RW          140    .bss.ucMaxSysCallPriority  port.o
    0x200028e5   0x00004150   0x00000003   PAD
    0x200028e8        -       0x00000004   Zero   RW          141    .bss.ulMaxPRIGROUPValue  port.o
    0x200028ec        -       0x00000004   Zero   RW          145    .bss.ulStoppedTimerCompensation  port.o
    0x200028f0        -       0x00000004   Zero   RW          144    .bss.ulTimerCountsForOneTick  port.o
    0x200028f4        -       0x00000004   Zero   RW          399    .bss.uxCurrentNumberOfTasks  tasks.o
    0x200028f8        -       0x00000004   Zero   RW          398    .bss.uxDeletedTasksWaitingCleanUp  tasks.o
    0x200028fc        -       0x00000004   Zero   RW          401    .bss.uxSchedulerSuspended  tasks.o
    0x20002900        -       0x00000004   Zero   RW          396    .bss.uxTaskNumber   tasks.o
    0x20002904        -       0x00000004   Zero   RW          395    .bss.uxTopReadyPriority  tasks.o
    0x20002908        -       0x00000014   Zero   RW          413    .bss.xDelayedTaskList1  tasks.o
    0x2000291c        -       0x00000014   Zero   RW          414    .bss.xDelayedTaskList2  tasks.o
    0x20002930        -       0x00000004   Zero   RW          409    .bss.xIdleTaskHandle  tasks.o
    0x20002934        -       0x00000004   Zero   RW           25    .bss.xLCDQueue      main.o
    0x20002938        -       0x00000004   Zero   RW          143    .bss.xMaximumPossibleSuppressedTicks  port.o
    0x2000293c        -       0x00000004   Zero   RW          163    .bss.xNextFreeByte  heap_1.o
    0x20002940        -       0x00000004   Zero   RW          410    .bss.xNextTaskUnblockTime  tasks.o
    0x20002944        -       0x00000004   Zero   RW          412    .bss.xNumOfOverflows  tasks.o
    0x20002948        -       0x00000004   Zero   RW          411    .bss.xPendedTicks   tasks.o
    0x2000294c        -       0x00000014   Zero   RW          407    .bss.xPendingReadyList  tasks.o
    0x20002960        -       0x00000004   Zero   RW          400    .bss.xSchedulerRunning  tasks.o
    0x20002964        -       0x00000004   Zero   RW           23    .bss.xSemaphore     main.o
    0x20002968        -       0x00000014   Zero   RW          405    .bss.xSuspendedTaskList  tasks.o
    0x2000297c        -       0x00000014   Zero   RW          397    .bss.xTasksWaitingTermination  tasks.o
    0x20002990        -       0x00000004   Zero   RW          402    .bss.xTickCount     tasks.o
    0x20002994        -       0x00000004   Zero   RW           24    .bss.xUARTQueue     main.o
    0x20002998        -       0x00000004   Zero   RW          406    .bss.xYieldPending  tasks.o
    0x2000299c   0x00004150   0x00000004   PAD
    0x200029a0        -       0x00000000   Zero   RW           71    HEAP                startup_tm4c123.o
    0x200029a0        -       0x00000200   Zero   RW           70    STACK               startup_tm4c123.o


==============================================================================

Image component sizes


      Code (inc. data)   RO Data    RW Data    ZI Data      Debug   Object Name

       226          0          0          0          0        646   adc.o
       228          0          0          0      10248       1757   heap_1.o
       482          0          0          0          0       1617   lcd.o
       238          0          0          0          0       2349   list.o
      1164         24         83          0         20       2835   main.o
      1704         16          0          4         17       4891   port.o
      3336          0          0          0          0      16709   queue.o
       276         24        620          0        512       5500   startup_tm4c123.o
        18          0          0          4          0       6640   system_tm4c123.o
      5356          0          9          0        260      26864   tasks.o

    ----------------------------------------------------------------------
     13120         76        746          8      11064      69808   Object Totals
         0          0         32          0          0          0   (incl. Generated)
        92         12          2          0          7          0   (incl. Padding)

    ----------------------------------------------------------------------

      Code (inc. data)   RO Data    RW Data    ZI Data      Debug   Library Member Name

         8          0          0          0          0         68   __main.o
         0          0          0          0          0          0   __rtentry.o
        12          0          0          0          0          0   __rtentry2.o
         6          0          0          0          0          0   __rtentry4.o
        52          8          0          0          0          0   __scatter.o
        26          0          0          0          0          0   __scatter_copy.o
        28          0          0          0          0          0   __scatter_zi.o
        16          0          0          0          0         68   aeabi_memset4.o
        18          0          0          0          0         80   exit.o
         6          0          0          0          0        152   heapauxi.o
         0          0          0          0          0          0   indicate_semi.o
         2          0          0          0          0          0   libinit.o
         6          0          0          0          0          0   libinit2.o
         2          0          0          0          0          0   libshutdown.o
         2          0          0          0          0          0   libshutdown2.o
         8          4          0          0         96         68   libspace.o
        78          0          0          0          0         80   rt_memclr_w.o
       138          0          0          0          0         68   rt_memcpy_v6.o
       100          0          0          0          0         80   rt_memcpy_w.o
         2          0          0          0          0          0   rtexit.o
        10          0          0          0          0          0   rtexit2.o
        62          0          0          0          0         76   strlen.o
        12          4          0          0          0         68   sys_exit.o
        74          0          0          0          0         80   sys_stackheap_outer.o
         2          0          0          0          0         68   use_no_semi.o
       812         16          0          0          0        392   daddsub_clz.o
       692        140          0          0          0        264   ddiv.o
        94          4          0          0          0        140   dfix.o
        38          0          0          0          0        116   dflt_clz.o
       340         12          0          0          0        152   dmul.o
       156          4          0          0          0        140   dnaninf.o
        12          0          0          0          0        116   dretinf.o
        26          0          0          0          0        116   fpinit.o
         0          0          0          0          0          0   usenofp.o

    ----------------------------------------------------------------------
      2846        192          0          0         96       2392   Library Totals
         6          0          0          0          0          0   (incl. Padding)

    ----------------------------------------------------------------------

      Code (inc. data)   RO Data    RW Data    ZI Data      Debug   Library Name

       670         16          0          0         96        956   c_w.l
      2170        176          0          0          0       1436   fz_wm.l

    ----------------------------------------------------------------------
      2846        192          0          0         96       2392   Library Totals

    ----------------------------------------------------------------------

==============================================================================


      Code (inc. data)   RO Data    RW Data    ZI Data      Debug   

     15966        268        746          8      11160      70824   Grand Totals
     15966        268        746          8      11160      70824   ELF Image Totals
     15966        268        746          8          0          0   ROM Totals

==============================================================================

    Total RO  Size (Code + RO Data)                16712 (  16.32kB)
    Total RW  Size (RW Data + ZI Data)             11168 (  10.91kB)
    Total ROM Size (Code + RO Data + RW Data)      16720 (  16.33kB)

==============================================================================

